Archive member included to satisfy reference by file (symbol)

/Applications/Ac6/SystemWorkbench.app/Contents/Eclipse/plugins/fr.ac6.mcu.externaltools.arm-none.macos64_1.17.0.201812190825/tools/compiler/bin/../lib/gcc/arm-none-eabi/7.3.1/thumb/v7e-m/fpv4-sp/hard/libgcc.a(_aeabi_uldivmod.o)
                              Drivers/STM32F4xx_HAL_Driver/Src/stm32f4xx_hal_rcc.o (__aeabi_uldivmod)
/Applications/Ac6/SystemWorkbench.app/Contents/Eclipse/plugins/fr.ac6.mcu.externaltools.arm-none.macos64_1.17.0.201812190825/tools/compiler/bin/../lib/gcc/arm-none-eabi/7.3.1/thumb/v7e-m/fpv4-sp/hard/libgcc.a(_udivmoddi4.o)
                              /Applications/Ac6/SystemWorkbench.app/Contents/Eclipse/plugins/fr.ac6.mcu.externaltools.arm-none.macos64_1.17.0.201812190825/tools/compiler/bin/../lib/gcc/arm-none-eabi/7.3.1/thumb/v7e-m/fpv4-sp/hard/libgcc.a(_aeabi_uldivmod.o) (__udivmoddi4)
/Applications/Ac6/SystemWorkbench.app/Contents/Eclipse/plugins/fr.ac6.mcu.externaltools.arm-none.macos64_1.17.0.201812190825/tools/compiler/bin/../lib/gcc/arm-none-eabi/7.3.1/thumb/v7e-m/fpv4-sp/hard/libgcc.a(_dvmd_tls.o)
                              /Applications/Ac6/SystemWorkbench.app/Contents/Eclipse/plugins/fr.ac6.mcu.externaltools.arm-none.macos64_1.17.0.201812190825/tools/compiler/bin/../lib/gcc/arm-none-eabi/7.3.1/thumb/v7e-m/fpv4-sp/hard/libgcc.a(_aeabi_uldivmod.o) (__aeabi_ldiv0)
/Applications/Ac6/SystemWorkbench.app/Contents/Eclipse/plugins/fr.ac6.mcu.externaltools.arm-none.macos64_1.17.0.201812190825/tools/compiler/bin/../lib/gcc/arm-none-eabi/7.3.1/../../../../arm-none-eabi/lib/thumb/v7e-m/fpv4-sp/hard/libc_nano.a(lib_a-errno.o)
                              Src/syscalls.o (__errno)
/Applications/Ac6/SystemWorkbench.app/Contents/Eclipse/plugins/fr.ac6.mcu.externaltools.arm-none.macos64_1.17.0.201812190825/tools/compiler/bin/../lib/gcc/arm-none-eabi/7.3.1/../../../../arm-none-eabi/lib/thumb/v7e-m/fpv4-sp/hard/libc_nano.a(lib_a-exit.o)
                              /Applications/Ac6/SystemWorkbench.app/Contents/Eclipse/plugins/fr.ac6.mcu.externaltools.arm-none.macos64_1.17.0.201812190825/tools/compiler/bin/../lib/gcc/arm-none-eabi/7.3.1/../../../../arm-none-eabi/lib/thumb/v7e-m/fpv4-sp/hard/crt0.o (exit)
/Applications/Ac6/SystemWorkbench.app/Contents/Eclipse/plugins/fr.ac6.mcu.externaltools.arm-none.macos64_1.17.0.201812190825/tools/compiler/bin/../lib/gcc/arm-none-eabi/7.3.1/../../../../arm-none-eabi/lib/thumb/v7e-m/fpv4-sp/hard/libc_nano.a(lib_a-impure.o)
                              /Applications/Ac6/SystemWorkbench.app/Contents/Eclipse/plugins/fr.ac6.mcu.externaltools.arm-none.macos64_1.17.0.201812190825/tools/compiler/bin/../lib/gcc/arm-none-eabi/7.3.1/../../../../arm-none-eabi/lib/thumb/v7e-m/fpv4-sp/hard/libc_nano.a(lib_a-exit.o) (_global_impure_ptr)
/Applications/Ac6/SystemWorkbench.app/Contents/Eclipse/plugins/fr.ac6.mcu.externaltools.arm-none.macos64_1.17.0.201812190825/tools/compiler/bin/../lib/gcc/arm-none-eabi/7.3.1/../../../../arm-none-eabi/lib/thumb/v7e-m/fpv4-sp/hard/libc_nano.a(lib_a-init.o)
                              /Applications/Ac6/SystemWorkbench.app/Contents/Eclipse/plugins/fr.ac6.mcu.externaltools.arm-none.macos64_1.17.0.201812190825/tools/compiler/bin/../lib/gcc/arm-none-eabi/7.3.1/../../../../arm-none-eabi/lib/thumb/v7e-m/fpv4-sp/hard/crt0.o (__libc_init_array)
/Applications/Ac6/SystemWorkbench.app/Contents/Eclipse/plugins/fr.ac6.mcu.externaltools.arm-none.macos64_1.17.0.201812190825/tools/compiler/bin/../lib/gcc/arm-none-eabi/7.3.1/../../../../arm-none-eabi/lib/thumb/v7e-m/fpv4-sp/hard/libc_nano.a(lib_a-malloc.o)
                              Middlewares/ST/STM32_USB_Host_Library/Class/CDC/Src/usbh_cdc.o (malloc)
/Applications/Ac6/SystemWorkbench.app/Contents/Eclipse/plugins/fr.ac6.mcu.externaltools.arm-none.macos64_1.17.0.201812190825/tools/compiler/bin/../lib/gcc/arm-none-eabi/7.3.1/../../../../arm-none-eabi/lib/thumb/v7e-m/fpv4-sp/hard/libc_nano.a(lib_a-memset.o)
                              /Applications/Ac6/SystemWorkbench.app/Contents/Eclipse/plugins/fr.ac6.mcu.externaltools.arm-none.macos64_1.17.0.201812190825/tools/compiler/bin/../lib/gcc/arm-none-eabi/7.3.1/../../../../arm-none-eabi/lib/thumb/v7e-m/fpv4-sp/hard/crt0.o (memset)
/Applications/Ac6/SystemWorkbench.app/Contents/Eclipse/plugins/fr.ac6.mcu.externaltools.arm-none.macos64_1.17.0.201812190825/tools/compiler/bin/../lib/gcc/arm-none-eabi/7.3.1/../../../../arm-none-eabi/lib/thumb/v7e-m/fpv4-sp/hard/libc_nano.a(lib_a-nano-freer.o)
                              /Applications/Ac6/SystemWorkbench.app/Contents/Eclipse/plugins/fr.ac6.mcu.externaltools.arm-none.macos64_1.17.0.201812190825/tools/compiler/bin/../lib/gcc/arm-none-eabi/7.3.1/../../../../arm-none-eabi/lib/thumb/v7e-m/fpv4-sp/hard/libc_nano.a(lib_a-malloc.o) (_free_r)
[...]
Memory Configuration

Name             Origin             Length             Attributes
RAM              0x0000000020000000 0x0000000000020000 xrw
FLASH            0x0000000008000000 0x0000000000080000 xr
*default*        0x0000000000000000 0xffffffffffffffff

Linker script and memory map

LOAD /Applications/Ac6/SystemWorkbench.app/Contents/Eclipse/plugins/fr.ac6.mcu.externaltools.arm-none.macos64_1.17.0.201812190825/tools/compiler/bin/../lib/gcc/arm-none-eabi/7.3.1/thumb/v7e-m/fpv4-sp/hard/crti.o
LOAD /Applications/Ac6/SystemWorkbench.app/Contents/Eclipse/plugins/fr.ac6.mcu.externaltools.arm-none.macos64_1.17.0.201812190825/tools/compiler/bin/../lib/gcc/arm-none-eabi/7.3.1/thumb/v7e-m/fpv4-sp/hard/crtbegin.o
LOAD /Applications/Ac6/SystemWorkbench.app/Contents/Eclipse/plugins/fr.ac6.mcu.externaltools.arm-none.macos64_1.17.0.201812190825/tools/compiler/bin/../lib/gcc/arm-none-eabi/7.3.1/../../../../arm-none-eabi/lib/thumb/v7e-m/fpv4-sp/hard/crt0.o
LOAD Drivers/STM32F4xx_HAL_Driver/Src/stm32f4xx_hal.o
LOAD Drivers/STM32F4xx_HAL_Driver/Src/stm32f4xx_hal_cortex.o
LOAD Drivers/STM32F4xx_HAL_Driver/Src/stm32f4xx_hal_dma.o
LOAD Drivers/STM32F4xx_HAL_Driver/Src/stm32f4xx_hal_dma_ex.o
LOAD Drivers/STM32F4xx_HAL_Driver/Src/stm32f4xx_hal_exti.o
LOAD Drivers/STM32F4xx_HAL_Driver/Src/stm32f4xx_hal_flash.o
LOAD Drivers/STM32F4xx_HAL_Driver/Src/stm32f4xx_hal_flash_ex.o
LOAD Drivers/STM32F4xx_HAL_Driver/Src/stm32f4xx_hal_flash_ramfunc.o
LOAD Drivers/STM32F4xx_HAL_Driver/Src/stm32f4xx_hal_gpio.o
LOAD Drivers/STM32F4xx_HAL_Driver/Src/stm32f4xx_hal_hcd.o
LOAD Drivers/STM32F4xx_HAL_Driver/Src/stm32f4xx_hal_i2c.o
LOAD Drivers/STM32F4xx_HAL_Driver/Src/stm32f4xx_hal_i2c_ex.o
LOAD Drivers/STM32F4xx_HAL_Driver/Src/stm32f4xx_hal_i2s.o
LOAD Drivers/STM32F4xx_HAL_Driver/Src/stm32f4xx_hal_i2s_ex.o
LOAD Drivers/STM32F4xx_HAL_Driver/Src/stm32f4xx_hal_pwr.o
LOAD Drivers/STM32F4xx_HAL_Driver/Src/stm32f4xx_hal_pwr_ex.o
LOAD Drivers/STM32F4xx_HAL_Driver/Src/stm32f4xx_hal_rcc.o
LOAD Drivers/STM32F4xx_HAL_Driver/Src/stm32f4xx_hal_rcc_ex.o
LOAD Drivers/STM32F4xx_HAL_Driver/Src/stm32f4xx_hal_spi.o
LOAD Drivers/STM32F4xx_HAL_Driver/Src/stm32f4xx_hal_tim.o
LOAD Drivers/STM32F4xx_HAL_Driver/Src/stm32f4xx_hal_tim_ex.o
LOAD Drivers/STM32F4xx_HAL_Driver/Src/stm32f4xx_ll_usb.o
LOAD Middlewares/ST/STM32_USB_Host_Library/Class/CDC/Src/usbh_cdc.o
LOAD Middlewares/ST/STM32_USB_Host_Library/Core/Src/usbh_core.o
LOAD Middlewares/ST/STM32_USB_Host_Library/Core/Src/usbh_ctlreq.o
LOAD Middlewares/ST/STM32_USB_Host_Library/Core/Src/usbh_ioreq.o
LOAD Middlewares/ST/STM32_USB_Host_Library/Core/Src/usbh_pipes.o
LOAD Src/main.o
LOAD Src/stm32f4xx_hal_msp.o
LOAD Src/stm32f4xx_it.o
LOAD Src/syscalls.o
LOAD Src/system_stm32f4xx.o
LOAD Src/usb_host.o
LOAD Src/usbh_conf.o
LOAD Src/usbh_platform.o
LOAD startup/startup_stm32f411xe.o
LOAD /Applications/Ac6/SystemWorkbench.app/Contents/Eclipse/plugins/fr.ac6.mcu.externaltools.arm-none.macos64_1.17.0.201812190825/tools/compiler/bin/../lib/gcc/arm-none-eabi/7.3.1/../../../../arm-none-eabi/lib/thumb/v7e-m/fpv4-sp/hard/libm.a
START GROUP
LOAD /Applications/Ac6/SystemWorkbench.app/Contents/Eclipse/plugins/fr.ac6.mcu.externaltools.arm-none.macos64_1.17.0.201812190825/tools/compiler/bin/../lib/gcc/arm-none-eabi/7.3.1/thumb/v7e-m/fpv4-sp/hard/libgcc.a
LOAD /Applications/Ac6/SystemWorkbench.app/Contents/Eclipse/plugins/fr.ac6.mcu.externaltools.arm-none.macos64_1.17.0.201812190825/tools/compiler/bin/../lib/gcc/arm-none-eabi/7.3.1/../../../../arm-none-eabi/lib/thumb/v7e-m/fpv4-sp/hard/libc_nano.a
END GROUP
START GROUP
LOAD /Applications/Ac6/SystemWorkbench.app/Contents/Eclipse/plugins/fr.ac6.mcu.externaltools.arm-none.macos64_1.17.0.201812190825/tools/compiler/bin/../lib/gcc/arm-none-eabi/7.3.1/thumb/v7e-m/fpv4-sp/hard/libgcc.a
LOAD /Applications/Ac6/SystemWorkbench.app/Contents/Eclipse/plugins/fr.ac6.mcu.externaltools.arm-none.macos64_1.17.0.201812190825/tools/compiler/bin/../lib/gcc/arm-none-eabi/7.3.1/../../../../arm-none-eabi/lib/thumb/v7e-m/fpv4-sp/hard/libc_nano.a
LOAD /Applications/Ac6/SystemWorkbench.app/Contents/Eclipse/plugins/fr.ac6.mcu.externaltools.arm-none.macos64_1.17.0.201812190825/tools/compiler/bin/../lib/gcc/arm-none-eabi/7.3.1/../../../../arm-none-eabi/lib/thumb/v7e-m/fpv4-sp/hard/libnosys.a
END GROUP
START GROUP
LOAD /Applications/Ac6/SystemWorkbench.app/Contents/Eclipse/plugins/fr.ac6.mcu.externaltools.arm-none.macos64_1.17.0.201812190825/tools/compiler/bin/../lib/gcc/arm-none-eabi/7.3.1/thumb/v7e-m/fpv4-sp/hard/libgcc.a
LOAD /Applications/Ac6/SystemWorkbench.app/Contents/Eclipse/plugins/fr.ac6.mcu.externaltools.arm-none.macos64_1.17.0.201812190825/tools/compiler/bin/../lib/gcc/arm-none-eabi/7.3.1/../../../../arm-none-eabi/lib/thumb/v7e-m/fpv4-sp/hard/libc_nano.a
LOAD /Applications/Ac6/SystemWorkbench.app/Contents/Eclipse/plugins/fr.ac6.mcu.externaltools.arm-none.macos64_1.17.0.201812190825/tools/compiler/bin/../lib/gcc/arm-none-eabi/7.3.1/../../../../arm-none-eabi/lib/thumb/v7e-m/fpv4-sp/hard/libnosys.a
END GROUP
LOAD /Applications/Ac6/SystemWorkbench.app/Contents/Eclipse/plugins/fr.ac6.mcu.externaltools.arm-none.macos64_1.17.0.201812190825/tools/compiler/bin/../lib/gcc/arm-none-eabi/7.3.1/thumb/v7e-m/fpv4-sp/hard/crtend.o
LOAD /Applications/Ac6/SystemWorkbench.app/Contents/Eclipse/plugins/fr.ac6.mcu.externaltools.arm-none.macos64_1.17.0.201812190825/tools/compiler/bin/../lib/gcc/arm-none-eabi/7.3.1/thumb/v7e-m/fpv4-sp/hard/crtn.o
                0x0000000020020000                _estack = 0x20020000
                0x0000000000000200                _Min_Heap_Size = 0x200
                0x0000000000000400                _Min_Stack_Size = 0x400

.isr_vector     0x0000000008000000      0x198
                0x0000000008000000                . = ALIGN (0x4)
 *(.isr_vector)
 .isr_vector    0x0000000008000000      0x198 startup/startup_stm32f411xe.o
                0x0000000008000000                g_pfnVectors
                0x0000000008000198                . = ALIGN (0x4)

.text           0x0000000008000198     0x4520
                0x0000000008000198                . = ALIGN (0x4)
 *(.text)
 .text          0x0000000008000198       0x40 /Applications/Ac6/SystemWorkbench.app/Contents/Eclipse/plugins/fr.ac6.mcu.externaltools.arm-none.macos64_1.17.0.201812190825/tools/compiler/bin/../lib/gcc/arm-none-eabi/7.3.1/thumb/v7e-m/fpv4-sp/hard/crtbegin.o
 .text          0x00000000080001d8       0x30 /Applications/Ac6/SystemWorkbench.app/Contents/Eclipse/plugins/fr.ac6.mcu.externaltools.arm-none.macos64_1.17.0.201812190825/tools/compiler/bin/../lib/gcc/arm-none-eabi/7.3.1/thumb/v7e-m/fpv4-sp/hard/libgcc.a(_aeabi_uldivmod.o)
                0x00000000080001d8                __aeabi_uldivmod
 .text          0x0000000008000208      0x2cc /Applications/Ac6/SystemWorkbench.app/Contents/Eclipse/plugins/fr.ac6.mcu.externaltools.arm-none.macos64_1.17.0.201812190825/tools/compiler/bin/../lib/gcc/arm-none-eabi/7.3.1/thumb/v7e-m/fpv4-sp/hard/libgcc.a(_udivmoddi4.o)
                0x0000000008000208                __udivmoddi4
 .text          0x00000000080004d4        0x4 /Applications/Ac6/SystemWorkbench.app/Contents/Eclipse/plugins/fr.ac6.mcu.externaltools.arm-none.macos64_1.17.0.201812190825/tools/compiler/bin/../lib/gcc/arm-none-eabi/7.3.1/thumb/v7e-m/fpv4-sp/hard/libgcc.a(_dvmd_tls.o)
                0x00000000080004d4                __aeabi_ldiv0
                0x00000000080004d4                __aeabi_idiv0
 *(.text*)
 .text.HAL_InitTick
                0x00000000080004d8       0x48 Drivers/STM32F4xx_HAL_Driver/Src/stm32f4xx_hal.o
                0x00000000080004d8                HAL_InitTick
 .text.HAL_Init
                0x0000000008000520       0x34 Drivers/STM32F4xx_HAL_Driver/Src/stm32f4xx_hal.o
                0x0000000008000520                HAL_Init
 .text.HAL_IncTick
                0x0000000008000554       0x18 Drivers/STM32F4xx_HAL_Driver/Src/stm32f4xx_hal.o
                0x0000000008000554                HAL_IncTick
 .text.HAL_GetTick
                0x000000000800056c        0xc Drivers/STM32F4xx_HAL_Driver/Src/stm32f4xx_hal.o
                0x000000000800056c                HAL_GetTick
 .text.HAL_Delay
                0x0000000008000578       0x28 Drivers/STM32F4xx_HAL_Driver/Src/stm32f4xx_hal.o
                0x0000000008000578                HAL_Delay
 .text.HAL_NVIC_SetPriorityGrouping
                0x00000000080005a0       0x24 Drivers/STM32F4xx_HAL_Driver/Src/stm32f4xx_hal_cortex.o
                0x00000000080005a0                HAL_NVIC_SetPriorityGrouping
 .text.HAL_NVIC_SetPriority
                0x00000000080005c4       0x68 Drivers/STM32F4xx_HAL_Driver/Src/stm32f4xx_hal_cortex.o
                0x00000000080005c4                HAL_NVIC_SetPriority
 .text.HAL_NVIC_EnableIRQ
                0x000000000800062c       0x1c Drivers/STM32F4xx_HAL_Driver/Src/stm32f4xx_hal_cortex.o
                0x000000000800062c                HAL_NVIC_EnableIRQ
 .text.HAL_SYSTICK_Config
                0x0000000008000648       0x2c Drivers/STM32F4xx_HAL_Driver/Src/stm32f4xx_hal_cortex.o
                0x0000000008000648                HAL_SYSTICK_Config
 .text.HAL_GPIO_Init
                0x0000000008000674      0x1a4 Drivers/STM32F4xx_HAL_Driver/Src/stm32f4xx_hal_gpio.o
                0x0000000008000674                HAL_GPIO_Init
 .text.HAL_GPIO_ReadPin
                0x0000000008000818        0xe Drivers/STM32F4xx_HAL_Driver/Src/stm32f4xx_hal_gpio.o
                0x0000000008000818                HAL_GPIO_ReadPin
 .text.HAL_GPIO_WritePin
                0x0000000008000826        0xc Drivers/STM32F4xx_HAL_Driver/Src/stm32f4xx_hal_gpio.o
                0x0000000008000826                HAL_GPIO_WritePin
 .text.HAL_GPIO_EXTI_Callback
                0x0000000008000832        0x2 Drivers/STM32F4xx_HAL_Driver/Src/stm32f4xx_hal_gpio.o
                0x0000000008000832                HAL_GPIO_EXTI_Callback
 .text.HAL_GPIO_EXTI_IRQHandler
                0x0000000008000834       0x1c Drivers/STM32F4xx_HAL_Driver/Src/stm32f4xx_hal_gpio.o
                0x0000000008000834                HAL_GPIO_EXTI_IRQHandler
 .text.HCD_RXQLVL_IRQHandler
                0x0000000008000850       0x7c Drivers/STM32F4xx_HAL_Driver/Src/stm32f4xx_hal_hcd.o
 .text.HAL_HCD_HC_Init
                0x00000000080008cc       0xa0 Drivers/STM32F4xx_HAL_Driver/Src/stm32f4xx_hal_hcd.o
                0x00000000080008cc                HAL_HCD_HC_Init
 .text.HAL_HCD_HC_Halt
                0x000000000800096c       0x24 Drivers/STM32F4xx_HAL_Driver/Src/stm32f4xx_hal_hcd.o
                0x000000000800096c                HAL_HCD_HC_Halt
 .text.HAL_HCD_Init
                0x0000000008000990       0x94 Drivers/STM32F4xx_HAL_Driver/Src/stm32f4xx_hal_hcd.o
                0x0000000008000990                HAL_HCD_Init
 .text.HAL_HCD_HC_SubmitRequest
                0x0000000008000a24      0x18e Drivers/STM32F4xx_HAL_Driver/Src/stm32f4xx_hal_hcd.o
                0x0000000008000a24                HAL_HCD_HC_SubmitRequest
 .text.HCD_Port_IRQHandler
                0x0000000008000bb2       0xd4 Drivers/STM32F4xx_HAL_Driver/Src/stm32f4xx_hal_hcd.o
 .text.HCD_HC_IN_IRQHandler
                0x0000000008000c86      0x2bc Drivers/STM32F4xx_HAL_Driver/Src/stm32f4xx_hal_hcd.o
 .text.HCD_HC_OUT_IRQHandler
                0x0000000008000f42      0x2b4 Drivers/STM32F4xx_HAL_Driver/Src/stm32f4xx_hal_hcd.o
 .text.HAL_HCD_IRQHandler
                0x00000000080011f6      0x148 Drivers/STM32F4xx_HAL_Driver/Src/stm32f4xx_hal_hcd.o
                0x00000000080011f6                HAL_HCD_IRQHandler
 .text.HAL_HCD_Start
                0x000000000800133e       0x2c Drivers/STM32F4xx_HAL_Driver/Src/stm32f4xx_hal_hcd.o
                0x000000000800133e                HAL_HCD_Start
 .text.HAL_HCD_Stop
                0x000000000800136a       0x24 Drivers/STM32F4xx_HAL_Driver/Src/stm32f4xx_hal_hcd.o
                0x000000000800136a                HAL_HCD_Stop
 .text.HAL_HCD_ResetPort
                0x000000000800138e        0xa Drivers/STM32F4xx_HAL_Driver/Src/stm32f4xx_hal_hcd.o
                0x000000000800138e                HAL_HCD_ResetPort
 .text.HAL_HCD_HC_GetURBState
                0x0000000008001398        0xe Drivers/STM32F4xx_HAL_Driver/Src/stm32f4xx_hal_hcd.o
                0x0000000008001398                HAL_HCD_HC_GetURBState
 .text.HAL_HCD_HC_GetXferCount
                0x00000000080013a6        0xc Drivers/STM32F4xx_HAL_Driver/Src/stm32f4xx_hal_hcd.o
                0x00000000080013a6                HAL_HCD_HC_GetXferCount
 .text.HAL_HCD_GetCurrentFrame
                0x00000000080013b2        0xa Drivers/STM32F4xx_HAL_Driver/Src/stm32f4xx_hal_hcd.o
                0x00000000080013b2                HAL_HCD_GetCurrentFrame
 .text.HAL_HCD_GetCurrentSpeed
                0x00000000080013bc        0xa Drivers/STM32F4xx_HAL_Driver/Src/stm32f4xx_hal_hcd.o
                0x00000000080013bc                HAL_HCD_GetCurrentSpeed
 *fill*         0x00000000080013c6        0x2 
 .text.HAL_I2C_Init
                0x00000000080013c8      0x1a0 Drivers/STM32F4xx_HAL_Driver/Src/stm32f4xx_hal_i2c.o
                0x00000000080013c8                HAL_I2C_Init
 .text.HAL_I2S_Init
                0x0000000008001568      0x19c Drivers/STM32F4xx_HAL_Driver/Src/stm32f4xx_hal_i2s.o
                0x0000000008001568                HAL_I2S_Init
 .text.HAL_I2S_TxCpltCallback
                0x0000000008001704        0x2 Drivers/STM32F4xx_HAL_Driver/Src/stm32f4xx_hal_i2s.o
                0x0000000008001704                HAL_I2S_TxCpltCallback
 .text.I2S_Transmit_IT
                0x0000000008001706       0x36 Drivers/STM32F4xx_HAL_Driver/Src/stm32f4xx_hal_i2s.o
 .text.HAL_I2S_RxCpltCallback
                0x000000000800173c        0x2 Drivers/STM32F4xx_HAL_Driver/Src/stm32f4xx_hal_i2s.o
                0x000000000800173c                HAL_I2S_RxCpltCallback
 .text.I2S_Receive_IT
                0x000000000800173e       0x36 Drivers/STM32F4xx_HAL_Driver/Src/stm32f4xx_hal_i2s.o
 .text.HAL_I2S_ErrorCallback
                0x0000000008001774        0x2 Drivers/STM32F4xx_HAL_Driver/Src/stm32f4xx_hal_i2s.o
                0x0000000008001774                HAL_I2S_ErrorCallback
 .text.I2S_IRQHandler
                0x0000000008001776       0xd0 Drivers/STM32F4xx_HAL_Driver/Src/stm32f4xx_hal_i2s.o
 .text.HAL_I2SEx_TxRxCpltCallback
                0x0000000008001846        0x2 Drivers/STM32F4xx_HAL_Driver/Src/stm32f4xx_hal_i2s_ex.o
                0x0000000008001846                HAL_I2SEx_TxRxCpltCallback
 .text.I2SEx_TxISR_I2S
                0x0000000008001848       0x3a Drivers/STM32F4xx_HAL_Driver/Src/stm32f4xx_hal_i2s_ex.o
 *fill*         0x0000000008001882        0x2 
 .text.I2SEx_RxISR_I2SExt
                0x0000000008001884       0x60 Drivers/STM32F4xx_HAL_Driver/Src/stm32f4xx_hal_i2s_ex.o
 .text.I2SEx_TxISR_I2SExt
                0x00000000080018e4       0x60 Drivers/STM32F4xx_HAL_Driver/Src/stm32f4xx_hal_i2s_ex.o
 .text.I2SEx_RxISR_I2S
                0x0000000008001944       0x3a Drivers/STM32F4xx_HAL_Driver/Src/stm32f4xx_hal_i2s_ex.o
 *fill*         0x000000000800197e        0x2 
 .text.HAL_I2SEx_FullDuplex_IRQHandler
                0x0000000008001980      0x1d8 Drivers/STM32F4xx_HAL_Driver/Src/stm32f4xx_hal_i2s_ex.o
                0x0000000008001980                HAL_I2SEx_FullDuplex_IRQHandler
 .text.HAL_RCC_OscConfig
                0x0000000008001b58      0x398 Drivers/STM32F4xx_HAL_Driver/Src/stm32f4xx_hal_rcc.o
                0x0000000008001b58                HAL_RCC_OscConfig
 .text.HAL_RCC_GetSysClockFreq
                0x0000000008001ef0       0xd8 Drivers/STM32F4xx_HAL_Driver/Src/stm32f4xx_hal_rcc.o
                0x0000000008001ef0                HAL_RCC_GetSysClockFreq
 .text.HAL_RCC_ClockConfig
                0x0000000008001fc8      0x158 Drivers/STM32F4xx_HAL_Driver/Src/stm32f4xx_hal_rcc.o
                0x0000000008001fc8                HAL_RCC_ClockConfig
 .text.HAL_RCC_GetHCLKFreq
                0x0000000008002120        0xc Drivers/STM32F4xx_HAL_Driver/Src/stm32f4xx_hal_rcc.o
                0x0000000008002120                HAL_RCC_GetHCLKFreq
 .text.HAL_RCC_GetPCLK1Freq
                0x000000000800212c       0x20 Drivers/STM32F4xx_HAL_Driver/Src/stm32f4xx_hal_rcc.o
                0x000000000800212c                HAL_RCC_GetPCLK1Freq
 .text.HAL_RCCEx_PeriphCLKConfig
                0x000000000800214c      0x170 Drivers/STM32F4xx_HAL_Driver/Src/stm32f4xx_hal_rcc_ex.o
                0x000000000800214c                HAL_RCCEx_PeriphCLKConfig
 .text.HAL_RCCEx_GetPeriphCLKFreq
                0x00000000080022bc       0x78 Drivers/STM32F4xx_HAL_Driver/Src/stm32f4xx_hal_rcc_ex.o
                0x00000000080022bc                HAL_RCCEx_GetPeriphCLKFreq
 .text.HAL_SPI_Init
                0x0000000008002334       0x80 Drivers/STM32F4xx_HAL_Driver/Src/stm32f4xx_hal_spi.o
                0x0000000008002334                HAL_SPI_Init
 .text.USB_CoreReset
                0x00000000080023b4       0x3c Drivers/STM32F4xx_HAL_Driver/Src/stm32f4xx_ll_usb.o
 .text.USB_CoreInit
                0x00000000080023f0       0x8a Drivers/STM32F4xx_HAL_Driver/Src/stm32f4xx_ll_usb.o
                0x00000000080023f0                USB_CoreInit
 .text.USB_EnableGlobalInt
                0x000000000800247a        0xc Drivers/STM32F4xx_HAL_Driver/Src/stm32f4xx_ll_usb.o
                0x000000000800247a                USB_EnableGlobalInt
 .text.USB_DisableGlobalInt
                0x0000000008002486        0xc Drivers/STM32F4xx_HAL_Driver/Src/stm32f4xx_ll_usb.o
                0x0000000008002486                USB_DisableGlobalInt
 .text.USB_SetCurrentMode
                0x0000000008002492       0x30 Drivers/STM32F4xx_HAL_Driver/Src/stm32f4xx_ll_usb.o
                0x0000000008002492                USB_SetCurrentMode
 *fill*         0x00000000080024c2        0x2 
 .text.USB_FlushTxFifo
                0x00000000080024c4       0x28 Drivers/STM32F4xx_HAL_Driver/Src/stm32f4xx_ll_usb.o
                0x00000000080024c4                USB_FlushTxFifo
 .text.USB_FlushRxFifo
                0x00000000080024ec       0x24 Drivers/STM32F4xx_HAL_Driver/Src/stm32f4xx_ll_usb.o
                0x00000000080024ec                USB_FlushRxFifo
 .text.USB_WritePacket
                0x0000000008002510       0x28 Drivers/STM32F4xx_HAL_Driver/Src/stm32f4xx_ll_usb.o
                0x0000000008002510                USB_WritePacket
 .text.USB_ReadPacket
                0x0000000008002538       0x28 Drivers/STM32F4xx_HAL_Driver/Src/stm32f4xx_ll_usb.o
                0x0000000008002538                USB_ReadPacket
 .text.USB_ReadInterrupts
                0x0000000008002560        0x8 Drivers/STM32F4xx_HAL_Driver/Src/stm32f4xx_ll_usb.o
                0x0000000008002560                USB_ReadInterrupts
 .text.USB_GetMode
                0x0000000008002568        0x8 Drivers/STM32F4xx_HAL_Driver/Src/stm32f4xx_ll_usb.o
                0x0000000008002568                USB_GetMode
 .text.USB_InitFSLSPClkSel
                0x0000000008002570       0x40 Drivers/STM32F4xx_HAL_Driver/Src/stm32f4xx_ll_usb.o
                0x0000000008002570                USB_InitFSLSPClkSel
 .text.USB_ResetPort
                0x00000000080025b0       0x3e Drivers/STM32F4xx_HAL_Driver/Src/stm32f4xx_ll_usb.o
                0x00000000080025b0                USB_ResetPort
 .text.USB_DriveVbus
                0x00000000080025ee       0x46 Drivers/STM32F4xx_HAL_Driver/Src/stm32f4xx_ll_usb.o
                0x00000000080025ee                USB_DriveVbus
 .text.USB_HostInit
                0x0000000008002634       0xfc Drivers/STM32F4xx_HAL_Driver/Src/stm32f4xx_ll_usb.o
                0x0000000008002634                USB_HostInit
 .text.USB_GetHostSpeed
                0x0000000008002730       0x16 Drivers/STM32F4xx_HAL_Driver/Src/stm32f4xx_ll_usb.o
                0x0000000008002730                USB_GetHostSpeed
 .text.USB_GetCurrentFrame
                0x0000000008002746        0xa Drivers/STM32F4xx_HAL_Driver/Src/stm32f4xx_ll_usb.o
                0x0000000008002746                USB_GetCurrentFrame
 .text.USB_HC_Init
                0x0000000008002750      0x108 Drivers/STM32F4xx_HAL_Driver/Src/stm32f4xx_ll_usb.o
                0x0000000008002750                USB_HC_Init
 .text.USB_HC_ReadInterrupt
                0x0000000008002858        0xa Drivers/STM32F4xx_HAL_Driver/Src/stm32f4xx_ll_usb.o
                0x0000000008002858                USB_HC_ReadInterrupt
 .text.USB_HC_Halt
                0x0000000008002862       0xd0 Drivers/STM32F4xx_HAL_Driver/Src/stm32f4xx_ll_usb.o
                0x0000000008002862                USB_HC_Halt
 *fill*         0x0000000008002932        0x2 
 .text.USB_DoPing
                0x0000000008002934       0x24 Drivers/STM32F4xx_HAL_Driver/Src/stm32f4xx_ll_usb.o
                0x0000000008002934                USB_DoPing
 .text.USB_HC_StartXfer
                0x0000000008002958      0x158 Drivers/STM32F4xx_HAL_Driver/Src/stm32f4xx_ll_usb.o
                0x0000000008002958                USB_HC_StartXfer
 .text.USB_StopHost
                0x0000000008002ab0       0x7e Drivers/STM32F4xx_HAL_Driver/Src/stm32f4xx_ll_usb.o
                0x0000000008002ab0                USB_StopHost
 .text.USBH_CDC_SOFProcess
                0x0000000008002b2e        0x4 Middlewares/ST/STM32_USB_Host_Library/Class/CDC/Src/usbh_cdc.o
 .text.SetLineCoding
                0x0000000008002b32       0x1a Middlewares/ST/STM32_USB_Host_Library/Class/CDC/Src/usbh_cdc.o
 .text.GetLineCoding
                0x0000000008002b4c       0x1a Middlewares/ST/STM32_USB_Host_Library/Class/CDC/Src/usbh_cdc.o
 .text.USBH_CDC_ClassRequest
                0x0000000008002b66       0x22 Middlewares/ST/STM32_USB_Host_Library/Class/CDC/Src/usbh_cdc.o
 .text.USBH_CDC_InterfaceDeInit
                0x0000000008002b88       0x68 Middlewares/ST/STM32_USB_Host_Library/Class/CDC/Src/usbh_cdc.o
 .text.USBH_CDC_InterfaceInit
                0x0000000008002bf0      0x160 Middlewares/ST/STM32_USB_Host_Library/Class/CDC/Src/usbh_cdc.o
 .text.USBH_CDC_TransmitCallback
                0x0000000008002d50        0x2 Middlewares/ST/STM32_USB_Host_Library/Class/CDC/Src/usbh_cdc.o
                0x0000000008002d50                USBH_CDC_TransmitCallback
 .text.CDC_ProcessTransmission
                0x0000000008002d52       0x94 Middlewares/ST/STM32_USB_Host_Library/Class/CDC/Src/usbh_cdc.o
 .text.USBH_CDC_ReceiveCallback
                0x0000000008002de6        0x2 Middlewares/ST/STM32_USB_Host_Library/Class/CDC/Src/usbh_cdc.o
                0x0000000008002de6                USBH_CDC_ReceiveCallback
 .text.CDC_ProcessReception
                0x0000000008002de8       0x68 Middlewares/ST/STM32_USB_Host_Library/Class/CDC/Src/usbh_cdc.o
 .text.USBH_CDC_LineCodingChanged
                0x0000000008002e50        0x2 Middlewares/ST/STM32_USB_Host_Library/Class/CDC/Src/usbh_cdc.o
                0x0000000008002e50                USBH_CDC_LineCodingChanged
 .text.USBH_CDC_Process
                0x0000000008002e52       0xb8 Middlewares/ST/STM32_USB_Host_Library/Class/CDC/Src/usbh_cdc.o
 .text.DeInitStateMachine
                0x0000000008002f0a       0x4a Middlewares/ST/STM32_USB_Host_Library/Core/Src/usbh_core.o
 .text.USBH_HandleSof
                0x0000000008002f54       0x1a Middlewares/ST/STM32_USB_Host_Library/Core/Src/usbh_core.o
 .text.USBH_HandleEnum
                0x0000000008002f6e      0x16e Middlewares/ST/STM32_USB_Host_Library/Core/Src/usbh_core.o
 .text.USBH_Init
                0x00000000080030dc       0x2e Middlewares/ST/STM32_USB_Host_Library/Core/Src/usbh_core.o
                0x00000000080030dc                USBH_Init
 .text.USBH_RegisterClass
                0x000000000800310a       0x24 Middlewares/ST/STM32_USB_Host_Library/Core/Src/usbh_core.o
                0x000000000800310a                USBH_RegisterClass
 .text.USBH_SelectInterface
                0x000000000800312e       0x14 Middlewares/ST/STM32_USB_Host_Library/Core/Src/usbh_core.o
                0x000000000800312e                USBH_SelectInterface
 .text.USBH_FindInterface
                0x0000000008003142       0x50 Middlewares/ST/STM32_USB_Host_Library/Core/Src/usbh_core.o
                0x0000000008003142                USBH_FindInterface
 .text.USBH_Start
                0x0000000008003192       0x14 Middlewares/ST/STM32_USB_Host_Library/Core/Src/usbh_core.o
                0x0000000008003192                USBH_Start
 .text.USBH_LL_SetTimer
                0x00000000080031a6        0x6 Middlewares/ST/STM32_USB_Host_Library/Core/Src/usbh_core.o
                0x00000000080031a6                USBH_LL_SetTimer
 .text.USBH_LL_IncTimer
                0x00000000080031ac       0x12 Middlewares/ST/STM32_USB_Host_Library/Core/Src/usbh_core.o
                0x00000000080031ac                USBH_LL_IncTimer
 .text.USBH_LL_PortEnabled
                0x00000000080031be        0x8 Middlewares/ST/STM32_USB_Host_Library/Core/Src/usbh_core.o
                0x00000000080031be                USBH_LL_PortEnabled
 .text.USBH_LL_PortDisabled
                0x00000000080031c6        0x8 Middlewares/ST/STM32_USB_Host_Library/Core/Src/usbh_core.o
                0x00000000080031c6                USBH_LL_PortDisabled
 .text.USBH_IsPortEnabled
                0x00000000080031ce        0x6 Middlewares/ST/STM32_USB_Host_Library/Core/Src/usbh_core.o
                0x00000000080031ce                USBH_IsPortEnabled
 .text.USBH_Process
                0x00000000080031d4      0x1ec Middlewares/ST/STM32_USB_Host_Library/Core/Src/usbh_core.o
                0x00000000080031d4                USBH_Process
 .text.USBH_LL_Connect
                0x00000000080033c0       0x28 Middlewares/ST/STM32_USB_Host_Library/Core/Src/usbh_core.o
                0x00000000080033c0                USBH_LL_Connect
 .text.USBH_LL_Disconnect
                0x00000000080033e8       0x38 Middlewares/ST/STM32_USB_Host_Library/Core/Src/usbh_core.o
                0x00000000080033e8                USBH_LL_Disconnect
 .text.USBH_ParseDevDesc
                0x0000000008003420       0x5c Middlewares/ST/STM32_USB_Host_Library/Core/Src/usbh_ctlreq.o
 .text.USBH_ParseInterfaceDesc
                0x000000000800347c       0x26 Middlewares/ST/STM32_USB_Host_Library/Core/Src/usbh_ctlreq.o
 .text.USBH_ParseEPDesc
                0x00000000080034a2       0x20 Middlewares/ST/STM32_USB_Host_Library/Core/Src/usbh_ctlreq.o
 .text.USBH_ParseStringDesc
                0x00000000080034c2       0x3c Middlewares/ST/STM32_USB_Host_Library/Core/Src/usbh_ctlreq.o
 .text.USBH_HandleControl
                0x00000000080034fe      0x1d0 Middlewares/ST/STM32_USB_Host_Library/Core/Src/usbh_ctlreq.o
 .text.USBH_GetNextDesc
                0x00000000080036ce        0xe Middlewares/ST/STM32_USB_Host_Library/Core/Src/usbh_ctlreq.o
                0x00000000080036ce                USBH_GetNextDesc
 .text.USBH_ParseCfgDesc
                0x00000000080036dc       0xc2 Middlewares/ST/STM32_USB_Host_Library/Core/Src/usbh_ctlreq.o
 .text.USBH_CtlReq
                0x000000000800379e       0x4e Middlewares/ST/STM32_USB_Host_Library/Core/Src/usbh_ctlreq.o
                0x000000000800379e                USBH_CtlReq
 .text.USBH_GetDescriptor
                0x00000000080037ec       0x3c Middlewares/ST/STM32_USB_Host_Library/Core/Src/usbh_ctlreq.o
                0x00000000080037ec                USBH_GetDescriptor
 .text.USBH_Get_DevDesc
                0x0000000008003828       0x32 Middlewares/ST/STM32_USB_Host_Library/Core/Src/usbh_ctlreq.o
                0x0000000008003828                USBH_Get_DevDesc
 .text.USBH_Get_CfgDesc
                0x000000000800385a       0x32 Middlewares/ST/STM32_USB_Host_Library/Core/Src/usbh_ctlreq.o
                0x000000000800385a                USBH_Get_CfgDesc
 .text.USBH_Get_StringDesc
                0x000000000800388c       0x30 Middlewares/ST/STM32_USB_Host_Library/Core/Src/usbh_ctlreq.o
                0x000000000800388c                USBH_Get_StringDesc
 .text.USBH_SetAddress
                0x00000000080038bc       0x22 Middlewares/ST/STM32_USB_Host_Library/Core/Src/usbh_ctlreq.o
                0x00000000080038bc                USBH_SetAddress
 .text.USBH_SetCfg
                0x00000000080038de       0x22 Middlewares/ST/STM32_USB_Host_Library/Core/Src/usbh_ctlreq.o
                0x00000000080038de                USBH_SetCfg
 .text.USBH_SetFeature
                0x0000000008003900       0x22 Middlewares/ST/STM32_USB_Host_Library/Core/Src/usbh_ctlreq.o
                0x0000000008003900                USBH_SetFeature
 .text.USBH_ClrFeature
                0x0000000008003922       0x24 Middlewares/ST/STM32_USB_Host_Library/Core/Src/usbh_ctlreq.o
                0x0000000008003922                USBH_ClrFeature
 .text.USBH_CtlSendSetup
                0x0000000008003946       0x22 Middlewares/ST/STM32_USB_Host_Library/Core/Src/usbh_ioreq.o
                0x0000000008003946                USBH_CtlSendSetup
 .text.USBH_CtlSendData
                0x0000000008003968       0x2c Middlewares/ST/STM32_USB_Host_Library/Core/Src/usbh_ioreq.o
                0x0000000008003968                USBH_CtlSendData
 .text.USBH_CtlReceiveData
                0x0000000008003994       0x20 Middlewares/ST/STM32_USB_Host_Library/Core/Src/usbh_ioreq.o
                0x0000000008003994                USBH_CtlReceiveData
 .text.USBH_BulkSendData
                0x00000000080039b4       0x2c Middlewares/ST/STM32_USB_Host_Library/Core/Src/usbh_ioreq.o
                0x00000000080039b4                USBH_BulkSendData
 .text.USBH_BulkReceiveData
                0x00000000080039e0       0x20 Middlewares/ST/STM32_USB_Host_Library/Core/Src/usbh_ioreq.o
                0x00000000080039e0                USBH_BulkReceiveData
 .text.USBH_GetFreePipe
                0x0000000008003a00       0x24 Middlewares/ST/STM32_USB_Host_Library/Core/Src/usbh_pipes.o
 .text.USBH_OpenPipe
                0x0000000008003a24       0x20 Middlewares/ST/STM32_USB_Host_Library/Core/Src/usbh_pipes.o
                0x0000000008003a24                USBH_OpenPipe
 .text.USBH_ClosePipe
                0x0000000008003a44        0xa Middlewares/ST/STM32_USB_Host_Library/Core/Src/usbh_pipes.o
                0x0000000008003a44                USBH_ClosePipe
 .text.USBH_AllocPipe
                0x0000000008003a4e       0x22 Middlewares/ST/STM32_USB_Host_Library/Core/Src/usbh_pipes.o
                0x0000000008003a4e                USBH_AllocPipe
 .text.USBH_FreePipe
                0x0000000008003a70       0x16 Middlewares/ST/STM32_USB_Host_Library/Core/Src/usbh_pipes.o
                0x0000000008003a70                USBH_FreePipe
 *fill*         0x0000000008003a86        0x2 
 .text.MX_GPIO_Init
                0x0000000008003a88      0x160 Src/main.o
 .text.MX_I2C1_Init
                0x0000000008003be8       0x34 Src/main.o
 .text.MX_I2S2_Init
                0x0000000008003c1c       0x34 Src/main.o
 .text.MX_I2S3_Init
                0x0000000008003c50       0x34 Src/main.o
 .text.MX_SPI1_Init
                0x0000000008003c84       0x38 Src/main.o
 .text.SystemClock_Config
                0x0000000008003cbc       0xb0 Src/main.o
                0x0000000008003cbc                SystemClock_Config
 .text.main     0x0000000008003d6c       0xf4 Src/main.o
                0x0000000008003d6c                main
 .text.Error_Handler
                0x0000000008003e60        0x2 Src/main.o
                0x0000000008003e60                Error_Handler
 *fill*         0x0000000008003e62        0x2 
 .text.HAL_MspInit
                0x0000000008003e64       0x38 Src/stm32f4xx_hal_msp.o
                0x0000000008003e64                HAL_MspInit
 .text.HAL_I2C_MspInit
                0x0000000008003e9c       0x70 Src/stm32f4xx_hal_msp.o
                0x0000000008003e9c                HAL_I2C_MspInit
 .text.HAL_I2S_MspInit
                0x0000000008003f0c      0x12c Src/stm32f4xx_hal_msp.o
                0x0000000008003f0c                HAL_I2S_MspInit
 .text.HAL_SPI_MspInit
                0x0000000008004038       0x70 Src/stm32f4xx_hal_msp.o
                0x0000000008004038                HAL_SPI_MspInit
 .text.NMI_Handler
                0x00000000080040a8        0x2 Src/stm32f4xx_it.o
                0x00000000080040a8                NMI_Handler
 .text.HardFault_Handler
                0x00000000080040aa        0x2 Src/stm32f4xx_it.o
                0x00000000080040aa                HardFault_Handler
 .text.MemManage_Handler
                0x00000000080040ac        0x2 Src/stm32f4xx_it.o
                0x00000000080040ac                MemManage_Handler
 .text.BusFault_Handler
                0x00000000080040ae        0x2 Src/stm32f4xx_it.o
                0x00000000080040ae                BusFault_Handler
 .text.UsageFault_Handler
                0x00000000080040b0        0x2 Src/stm32f4xx_it.o
                0x00000000080040b0                UsageFault_Handler
 .text.SVC_Handler
                0x00000000080040b2        0x2 Src/stm32f4xx_it.o
                0x00000000080040b2                SVC_Handler
 .text.DebugMon_Handler
                0x00000000080040b4        0x2 Src/stm32f4xx_it.o
                0x00000000080040b4                DebugMon_Handler
 .text.PendSV_Handler
                0x00000000080040b6        0x2 Src/stm32f4xx_it.o
                0x00000000080040b6                PendSV_Handler
 .text.SysTick_Handler
                0x00000000080040b8        0x8 Src/stm32f4xx_it.o
                0x00000000080040b8                SysTick_Handler
 .text.EXTI0_IRQHandler
                0x00000000080040c0        0xa Src/stm32f4xx_it.o
                0x00000000080040c0                EXTI0_IRQHandler
 *fill*         0x00000000080040ca        0x2 
 .text.OTG_FS_IRQHandler
                0x00000000080040cc       0x10 Src/stm32f4xx_it.o
                0x00000000080040cc                OTG_FS_IRQHandler
 .text._sbrk    0x00000000080040dc       0x3c Src/syscalls.o
                0x00000000080040dc                _sbrk
 .text.SystemInit
                0x0000000008004118       0x4c Src/system_stm32f4xx.o
                0x0000000008004118                SystemInit
 .text.USBH_UserProcess
                0x0000000008004164       0x2c Src/usb_host.o
 .text.MX_USB_HOST_Init
                0x0000000008004190       0x40 Src/usb_host.o
                0x0000000008004190                MX_USB_HOST_Init
 .text.MX_USB_HOST_Process
                0x00000000080041d0       0x10 Src/usb_host.o
                0x00000000080041d0                MX_USB_HOST_Process
 .text.HAL_HCD_MspInit
                0x00000000080041e0       0x9c Src/usbh_conf.o
                0x00000000080041e0                HAL_HCD_MspInit
 .text.HAL_HCD_SOF_Callback
                0x000000000800427c        0xc Src/usbh_conf.o
                0x000000000800427c                HAL_HCD_SOF_Callback
 .text.HAL_HCD_Connect_Callback
                0x0000000008004288        0xc Src/usbh_conf.o
                0x0000000008004288                HAL_HCD_Connect_Callback
 .text.HAL_HCD_Disconnect_Callback
                0x0000000008004294        0xc Src/usbh_conf.o
                0x0000000008004294                HAL_HCD_Disconnect_Callback
 .text.HAL_HCD_HC_NotifyURBChange_Callback
                0x00000000080042a0        0x2 Src/usbh_conf.o
                0x00000000080042a0                HAL_HCD_HC_NotifyURBChange_Callback
 .text.HAL_HCD_PortEnabled_Callback
                0x00000000080042a2        0xc Src/usbh_conf.o
                0x00000000080042a2                HAL_HCD_PortEnabled_Callback
 .text.HAL_HCD_PortDisabled_Callback
                0x00000000080042ae        0xc Src/usbh_conf.o
                0x00000000080042ae                HAL_HCD_PortDisabled_Callback
 *fill*         0x00000000080042ba        0x2 
 .text.USBH_LL_Init
                0x00000000080042bc       0x54 Src/usbh_conf.o
                0x00000000080042bc                USBH_LL_Init
 .text.USBH_LL_GetSpeed
                0x0000000008004310       0x1c Src/usbh_conf.o
                0x0000000008004310                USBH_LL_GetSpeed
 .text.USBH_LL_GetLastXferSize
                0x000000000800432c        0xc Src/usbh_conf.o
                0x000000000800432c                USBH_LL_GetLastXferSize
 .text.USBH_LL_GetURBState
                0x0000000008004338        0xc Src/usbh_conf.o
                0x0000000008004338                USBH_LL_GetURBState
 .text.USBH_LL_DriverVBUS
                0x0000000008004344       0x1c Src/usbh_conf.o
                0x0000000008004344                USBH_LL_DriverVBUS
 .text.USBH_LL_SetToggle
                0x0000000008004360       0x32 Src/usbh_conf.o
                0x0000000008004360                USBH_LL_SetToggle
 .text.USBH_Delay
                0x0000000008004392        0x8 Src/usbh_conf.o
                0x0000000008004392                USBH_Delay
 .text.USBH_Get_USB_Status
                0x000000000800439a       0x12 Src/usbh_conf.o
                0x000000000800439a                USBH_Get_USB_Status
 .text.USBH_LL_Start
                0x00000000080043ac       0x10 Src/usbh_conf.o
                0x00000000080043ac                USBH_LL_Start
 .text.USBH_LL_Stop
                0x00000000080043bc       0x10 Src/usbh_conf.o
                0x00000000080043bc                USBH_LL_Stop
 .text.USBH_LL_ResetPort
                0x00000000080043cc       0x10 Src/usbh_conf.o
                0x00000000080043cc                USBH_LL_ResetPort
 .text.USBH_LL_OpenPipe
                0x00000000080043dc       0x26 Src/usbh_conf.o
                0x00000000080043dc                USBH_LL_OpenPipe
 .text.USBH_LL_ClosePipe
                0x0000000008004402       0x10 Src/usbh_conf.o
                0x0000000008004402                USBH_LL_ClosePipe
 .text.USBH_LL_SubmitURB
                0x0000000008004412       0x2a Src/usbh_conf.o
                0x0000000008004412                USBH_LL_SubmitURB
 .text.MX_DriverVbusFS
                0x000000000800443c       0x18 Src/usbh_platform.o
                0x000000000800443c                MX_DriverVbusFS
 .text.Reset_Handler
                0x0000000008004454       0x50 startup/startup_stm32f411xe.o
                0x0000000008004454                Reset_Handler
 .text.Default_Handler
                0x00000000080044a4        0x2 startup/startup_stm32f411xe.o
                0x00000000080044a4                DMA1_Stream3_IRQHandler
                0x00000000080044a4                EXTI2_IRQHandler
                0x00000000080044a4                SPI4_IRQHandler
                0x00000000080044a4                TIM1_CC_IRQHandler
                0x00000000080044a4                DMA2_Stream5_IRQHandler
                0x00000000080044a4                DMA1_Stream5_IRQHandler
                0x00000000080044a4                PVD_IRQHandler
                0x00000000080044a4                SDIO_IRQHandler
                0x00000000080044a4                TAMP_STAMP_IRQHandler
                0x00000000080044a4                EXTI3_IRQHandler
                0x00000000080044a4                TIM1_UP_TIM10_IRQHandler
                0x00000000080044a4                I2C3_ER_IRQHandler
                0x00000000080044a4                I2C2_EV_IRQHandler
                0x00000000080044a4                DMA1_Stream2_IRQHandler
                0x00000000080044a4                FPU_IRQHandler
                0x00000000080044a4                DMA2_Stream2_IRQHandler
                0x00000000080044a4                SPI1_IRQHandler
                0x00000000080044a4                TIM1_BRK_TIM9_IRQHandler
                0x00000000080044a4                DMA2_Stream3_IRQHandler
                0x00000000080044a4                USART6_IRQHandler
                0x00000000080044a4                DMA2_Stream0_IRQHandler
                0x00000000080044a4                TIM4_IRQHandler
                0x00000000080044a4                I2C1_EV_IRQHandler
                0x00000000080044a4                DMA1_Stream6_IRQHandler
                0x00000000080044a4                DMA1_Stream1_IRQHandler
                0x00000000080044a4                TIM3_IRQHandler
                0x00000000080044a4                RCC_IRQHandler
                0x00000000080044a4                Default_Handler
                0x00000000080044a4                EXTI15_10_IRQHandler
                0x00000000080044a4                ADC_IRQHandler
                0x00000000080044a4                DMA1_Stream7_IRQHandler
                0x00000000080044a4                SPI5_IRQHandler
                0x00000000080044a4                TIM5_IRQHandler
                0x00000000080044a4                DMA2_Stream7_IRQHandler
                0x00000000080044a4                I2C3_EV_IRQHandler
                0x00000000080044a4                EXTI9_5_IRQHandler
                0x00000000080044a4                RTC_WKUP_IRQHandler
                0x00000000080044a4                SPI2_IRQHandler
                0x00000000080044a4                DMA1_Stream0_IRQHandler
                0x00000000080044a4                EXTI4_IRQHandler
                0x00000000080044a4                WWDG_IRQHandler
                0x00000000080044a4                TIM2_IRQHandler
                0x00000000080044a4                OTG_FS_WKUP_IRQHandler
                0x00000000080044a4                TIM1_TRG_COM_TIM11_IRQHandler
                0x00000000080044a4                EXTI1_IRQHandler
                0x00000000080044a4                USART2_IRQHandler
                0x00000000080044a4                I2C2_ER_IRQHandler
                0x00000000080044a4                DMA2_Stream1_IRQHandler
                0x00000000080044a4                FLASH_IRQHandler
                0x00000000080044a4                DMA2_Stream4_IRQHandler
                0x00000000080044a4                USART1_IRQHandler
                0x00000000080044a4                SPI3_IRQHandler
                0x00000000080044a4                DMA1_Stream4_IRQHandler
                0x00000000080044a4                I2C1_ER_IRQHandler
                0x00000000080044a4                DMA2_Stream6_IRQHandler
                0x00000000080044a4                RTC_Alarm_IRQHandler
 *fill*         0x00000000080044a6        0x2 
 .text.__errno  0x00000000080044a8        0xc /Applications/Ac6/SystemWorkbench.app/Contents/Eclipse/plugins/fr.ac6.mcu.externaltools.arm-none.macos64_1.17.0.201812190825/tools/compiler/bin/../lib/gcc/arm-none-eabi/7.3.1/../../../../arm-none-eabi/lib/thumb/v7e-m/fpv4-sp/hard/libc_nano.a(lib_a-errno.o)
                0x00000000080044a8                __errno
 .text.__libc_init_array
                0x00000000080044b4       0x48 /Applications/Ac6/SystemWorkbench.app/Contents/Eclipse/plugins/fr.ac6.mcu.externaltools.arm-none.macos64_1.17.0.201812190825/tools/compiler/bin/../lib/gcc/arm-none-eabi/7.3.1/../../../../arm-none-eabi/lib/thumb/v7e-m/fpv4-sp/hard/libc_nano.a(lib_a-init.o)
                0x00000000080044b4                __libc_init_array
 .text.malloc   0x00000000080044fc       0x10 /Applications/Ac6/SystemWorkbench.app/Contents/Eclipse/plugins/fr.ac6.mcu.externaltools.arm-none.macos64_1.17.0.201812190825/tools/compiler/bin/../lib/gcc/arm-none-eabi/7.3.1/../../../../arm-none-eabi/lib/thumb/v7e-m/fpv4-sp/hard/libc_nano.a(lib_a-malloc.o)
                0x00000000080044fc                malloc
 .text.free     0x000000000800450c       0x10 /Applications/Ac6/SystemWorkbench.app/Contents/Eclipse/plugins/fr.ac6.mcu.externaltools.arm-none.macos64_1.17.0.201812190825/tools/compiler/bin/../lib/gcc/arm-none-eabi/7.3.1/../../../../arm-none-eabi/lib/thumb/v7e-m/fpv4-sp/hard/libc_nano.a(lib_a-malloc.o)
                0x000000000800450c                free
 .text.memset   0x000000000800451c       0x10 /Applications/Ac6/SystemWorkbench.app/Contents/Eclipse/plugins/fr.ac6.mcu.externaltools.arm-none.macos64_1.17.0.201812190825/tools/compiler/bin/../lib/gcc/arm-none-eabi/7.3.1/../../../../arm-none-eabi/lib/thumb/v7e-m/fpv4-sp/hard/libc_nano.a(lib_a-memset.o)
                0x000000000800451c                memset
 .text._free_r  0x000000000800452c       0x9c /Applications/Ac6/SystemWorkbench.app/Contents/Eclipse/plugins/fr.ac6.mcu.externaltools.arm-none.macos64_1.17.0.201812190825/tools/compiler/bin/../lib/gcc/arm-none-eabi/7.3.1/../../../../arm-none-eabi/lib/thumb/v7e-m/fpv4-sp/hard/libc_nano.a(lib_a-nano-freer.o)
                0x000000000800452c                _free_r
 .text._malloc_r
                0x00000000080045c8       0xb4 /Applications/Ac6/SystemWorkbench.app/Contents/Eclipse/plugins/fr.ac6.mcu.externaltools.arm-none.macos64_1.17.0.201812190825/tools/compiler/bin/../lib/gcc/arm-none-eabi/7.3.1/../../../../arm-none-eabi/lib/thumb/v7e-m/fpv4-sp/hard/libc_nano.a(lib_a-nano-mallocr.o)
                0x00000000080045c8                _malloc_r
 .text._sbrk_r  0x000000000800467c       0x20 /Applications/Ac6/SystemWorkbench.app/Contents/Eclipse/plugins/fr.ac6.mcu.externaltools.arm-none.macos64_1.17.0.201812190825/tools/compiler/bin/../lib/gcc/arm-none-eabi/7.3.1/../../../../arm-none-eabi/lib/thumb/v7e-m/fpv4-sp/hard/libc_nano.a(lib_a-sbrkr.o)
                0x000000000800467c                _sbrk_r
 .text.__malloc_lock
                0x000000000800469c        0x2 /Applications/Ac6/SystemWorkbench.app/Contents/Eclipse/plugins/fr.ac6.mcu.externaltools.arm-none.macos64_1.17.0.201812190825/tools/compiler/bin/../lib/gcc/arm-none-eabi/7.3.1/../../../../arm-none-eabi/lib/thumb/v7e-m/fpv4-sp/hard/libc_nano.a(lib_a-mlock.o)
                0x000000000800469c                __malloc_lock
 .text.__malloc_unlock
                0x000000000800469e        0x2 /Applications/Ac6/SystemWorkbench.app/Contents/Eclipse/plugins/fr.ac6.mcu.externaltools.arm-none.macos64_1.17.0.201812190825/tools/compiler/bin/../lib/gcc/arm-none-eabi/7.3.1/../../../../arm-none-eabi/lib/thumb/v7e-m/fpv4-sp/hard/libc_nano.a(lib_a-mlock.o)
                0x000000000800469e                __malloc_unlock
 *(.glue_7)
 .glue_7        0x00000000080046a0        0x0 linker stubs
 *(.glue_7t)
 .glue_7t       0x00000000080046a0        0x0 linker stubs
 *(.eh_frame)
 .eh_frame      0x00000000080046a0        0x0 /Applications/Ac6/SystemWorkbench.app/Contents/Eclipse/plugins/fr.ac6.mcu.externaltools.arm-none.macos64_1.17.0.201812190825/tools/compiler/bin/../lib/gcc/arm-none-eabi/7.3.1/thumb/v7e-m/fpv4-sp/hard/crtbegin.o
 *(.init)
 .init          0x00000000080046a0        0x4 /Applications/Ac6/SystemWorkbench.app/Contents/Eclipse/plugins/fr.ac6.mcu.externaltools.arm-none.macos64_1.17.0.201812190825/tools/compiler/bin/../lib/gcc/arm-none-eabi/7.3.1/thumb/v7e-m/fpv4-sp/hard/crti.o
                0x00000000080046a0                _init
 .init          0x00000000080046a4        0x8 /Applications/Ac6/SystemWorkbench.app/Contents/Eclipse/plugins/fr.ac6.mcu.externaltools.arm-none.macos64_1.17.0.201812190825/tools/compiler/bin/../lib/gcc/arm-none-eabi/7.3.1/thumb/v7e-m/fpv4-sp/hard/crtn.o
 *(.fini)
 .fini          0x00000000080046ac        0x4 /Applications/Ac6/SystemWorkbench.app/Contents/Eclipse/plugins/fr.ac6.mcu.externaltools.arm-none.macos64_1.17.0.201812190825/tools/compiler/bin/../lib/gcc/arm-none-eabi/7.3.1/thumb/v7e-m/fpv4-sp/hard/crti.o
                0x00000000080046ac                _fini
 .fini          0x00000000080046b0        0x8 /Applications/Ac6/SystemWorkbench.app/Contents/Eclipse/plugins/fr.ac6.mcu.externaltools.arm-none.macos64_1.17.0.201812190825/tools/compiler/bin/../lib/gcc/arm-none-eabi/7.3.1/thumb/v7e-m/fpv4-sp/hard/crtn.o
                0x00000000080046b8                . = ALIGN (0x4)
                0x00000000080046b8                _etext = .

.vfp11_veneer   0x00000000080046b8        0x0
 .vfp11_veneer  0x00000000080046b8        0x0 linker stubs

.v4_bx          0x00000000080046b8        0x0
 .v4_bx         0x00000000080046b8        0x0 linker stubs

.iplt           0x00000000080046b8        0x0
 .iplt          0x00000000080046b8        0x0 /Applications/Ac6/SystemWorkbench.app/Contents/Eclipse/plugins/fr.ac6.mcu.externaltools.arm-none.macos64_1.17.0.201812190825/tools/compiler/bin/../lib/gcc/arm-none-eabi/7.3.1/thumb/v7e-m/fpv4-sp/hard/crtbegin.o

.rodata         0x00000000080046b8       0x1c
                0x00000000080046b8                . = ALIGN (0x4)
 *(.rodata)
 .rodata        0x00000000080046b8       0x18 Src/system_stm32f4xx.o
                0x00000000080046b8                AHBPrescTable
                0x00000000080046c8                APBPrescTable
 *(.rodata*)
 .rodata.str1.4
                0x00000000080046d0        0x4 Middlewares/ST/STM32_USB_Host_Library/Class/CDC/Src/usbh_cdc.o
                0x00000000080046d4                . = ALIGN (0x4)

.ARM.extab
 *(.ARM.extab* .gnu.linkonce.armextab.*)

.ARM            0x00000000080046d4        0x8
                0x00000000080046d4                __exidx_start = .
 *(.ARM.exidx*)
 .ARM.exidx     0x00000000080046d4        0x8 /Applications/Ac6/SystemWorkbench.app/Contents/Eclipse/plugins/fr.ac6.mcu.externaltools.arm-none.macos64_1.17.0.201812190825/tools/compiler/bin/../lib/gcc/arm-none-eabi/7.3.1/thumb/v7e-m/fpv4-sp/hard/libgcc.a(_udivmoddi4.o)
                0x00000000080046dc                __exidx_end = .

.rel.dyn        0x00000000080046dc        0x0
 .rel.iplt      0x00000000080046dc        0x0 /Applications/Ac6/SystemWorkbench.app/Contents/Eclipse/plugins/fr.ac6.mcu.externaltools.arm-none.macos64_1.17.0.201812190825/tools/compiler/bin/../lib/gcc/arm-none-eabi/7.3.1/thumb/v7e-m/fpv4-sp/hard/crtbegin.o

.preinit_array  0x00000000080046dc        0x0
                0x00000000080046dc                PROVIDE (__preinit_array_start = .)
 *(.preinit_array*)
                0x00000000080046dc                PROVIDE (__preinit_array_end = .)

.init_array     0x00000000080046dc        0x4
                0x00000000080046dc                PROVIDE (__init_array_start = .)
 *(SORT_BY_NAME(.init_array.*))
 *(.init_array*)
 .init_array    0x00000000080046dc        0x4 /Applications/Ac6/SystemWorkbench.app/Contents/Eclipse/plugins/fr.ac6.mcu.externaltools.arm-none.macos64_1.17.0.201812190825/tools/compiler/bin/../lib/gcc/arm-none-eabi/7.3.1/thumb/v7e-m/fpv4-sp/hard/crtbegin.o
                0x00000000080046e0                PROVIDE (__init_array_end = .)

.fini_array     0x00000000080046e0        0x4
                [!provide]                        PROVIDE (__fini_array_start = .)
 *(SORT_BY_NAME(.fini_array.*))
 *(.fini_array*)
 .fini_array    0x00000000080046e0        0x4 /Applications/Ac6/SystemWorkbench.app/Contents/Eclipse/plugins/fr.ac6.mcu.externaltools.arm-none.macos64_1.17.0.201812190825/tools/compiler/bin/../lib/gcc/arm-none-eabi/7.3.1/thumb/v7e-m/fpv4-sp/hard/crtbegin.o
                [!provide]                        PROVIDE (__fini_array_end = .)
                0x00000000080046e4                _sidata = LOADADDR (.data)

.data           0x0000000020000000       0xa0 load address 0x00000000080046e4
                0x0000000020000000                . = ALIGN (0x4)
                0x0000000020000000                _sdata = .
 *(.data)
 .data          0x0000000020000000        0x8 Drivers/STM32F4xx_HAL_Driver/Src/stm32f4xx_hal.o
                0x0000000020000000                uwTickFreq
                0x0000000020000004                uwTickPrio
 .data          0x0000000020000008       0x20 Middlewares/ST/STM32_USB_Host_Library/Class/CDC/Src/usbh_cdc.o
                0x0000000020000008                CDC_Class
 .data          0x0000000020000028       0x10 Src/main.o
                0x0000000020000028                pin_arr
 .data          0x0000000020000038        0x4 Src/system_stm32f4xx.o
                0x0000000020000038                SystemCoreClock
 *(.data*)
 .data._impure_ptr
                0x000000002000003c        0x4 /Applications/Ac6/SystemWorkbench.app/Contents/Eclipse/plugins/fr.ac6.mcu.externaltools.arm-none.macos64_1.17.0.201812190825/tools/compiler/bin/../lib/gcc/arm-none-eabi/7.3.1/../../../../arm-none-eabi/lib/thumb/v7e-m/fpv4-sp/hard/libc_nano.a(lib_a-impure.o)
                0x000000002000003c                _impure_ptr
 .data.impure_data
                0x0000000020000040       0x60 /Applications/Ac6/SystemWorkbench.app/Contents/Eclipse/plugins/fr.ac6.mcu.externaltools.arm-none.macos64_1.17.0.201812190825/tools/compiler/bin/../lib/gcc/arm-none-eabi/7.3.1/../../../../arm-none-eabi/lib/thumb/v7e-m/fpv4-sp/hard/libc_nano.a(lib_a-impure.o)
                0x00000000200000a0                . = ALIGN (0x4)
                0x00000000200000a0                _edata = .

.igot.plt       0x00000000200000a0        0x0 load address 0x0000000008004784
 .igot.plt      0x00000000200000a0        0x0 /Applications/Ac6/SystemWorkbench.app/Contents/Eclipse/plugins/fr.ac6.mcu.externaltools.arm-none.macos64_1.17.0.201812190825/tools/compiler/bin/../lib/gcc/arm-none-eabi/7.3.1/thumb/v7e-m/fpv4-sp/hard/crtbegin.o
                0x00000000200000a0                . = ALIGN (0x4)

.bss            0x00000000200000a0      0x814 load address 0x0000000008004784
                0x00000000200000a0                _sbss = .
                0x00000000200000a0                __bss_start__ = _sbss
 *(.bss)
 .bss           0x00000000200000a0       0x1c /Applications/Ac6/SystemWorkbench.app/Contents/Eclipse/plugins/fr.ac6.mcu.externaltools.arm-none.macos64_1.17.0.201812190825/tools/compiler/bin/../lib/gcc/arm-none-eabi/7.3.1/thumb/v7e-m/fpv4-sp/hard/crtbegin.o
 .bss           0x00000000200000bc        0x4 Drivers/STM32F4xx_HAL_Driver/Src/stm32f4xx_ll_usb.o
 .bss           0x00000000200000c0        0xc Src/main.o
                0x00000000200000c0                pushed
                0x00000000200000c4                switched
                0x00000000200000c8                current
 .bss           0x00000000200000cc        0x8 Src/syscalls.o
                0x00000000200000d0                __env
 .bss           0x00000000200000d4        0x1 Src/usb_host.o
                0x00000000200000d4                Appli_state
 *(.bss*)
 *fill*         0x00000000200000d5        0x3 
 .bss.__malloc_free_list
                0x00000000200000d8        0x4 /Applications/Ac6/SystemWorkbench.app/Contents/Eclipse/plugins/fr.ac6.mcu.externaltools.arm-none.macos64_1.17.0.201812190825/tools/compiler/bin/../lib/gcc/arm-none-eabi/7.3.1/../../../../arm-none-eabi/lib/thumb/v7e-m/fpv4-sp/hard/libc_nano.a(lib_a-nano-mallocr.o)
                0x00000000200000d8                __malloc_free_list
 .bss.__malloc_sbrk_start
                0x00000000200000dc        0x4 /Applications/Ac6/SystemWorkbench.app/Contents/Eclipse/plugins/fr.ac6.mcu.externaltools.arm-none.macos64_1.17.0.201812190825/tools/compiler/bin/../lib/gcc/arm-none-eabi/7.3.1/../../../../arm-none-eabi/lib/thumb/v7e-m/fpv4-sp/hard/libc_nano.a(lib_a-nano-mallocr.o)
                0x00000000200000dc                __malloc_sbrk_start
 *(COMMON)
 COMMON         0x00000000200000e0        0x4 Drivers/STM32F4xx_HAL_Driver/Src/stm32f4xx_hal.o
                0x00000000200000e0                uwTick
 COMMON         0x00000000200000e4      0x13c Src/main.o
                0x00000000200000e4                hi2c1
                0x0000000020000138                hspi1
                0x0000000020000190                hi2s2
                0x00000000200001d8                hi2s3
 COMMON         0x0000000020000220      0x3cc Src/usb_host.o
                0x0000000020000220                hUsbHostFS
 COMMON         0x00000000200005ec      0x2c4 Src/usbh_conf.o
                0x00000000200005ec                hhcd_USB_OTG_FS
 COMMON         0x00000000200008b0        0x4 /Applications/Ac6/SystemWorkbench.app/Contents/Eclipse/plugins/fr.ac6.mcu.externaltools.arm-none.macos64_1.17.0.201812190825/tools/compiler/bin/../lib/gcc/arm-none-eabi/7.3.1/../../../../arm-none-eabi/lib/thumb/v7e-m/fpv4-sp/hard/libc_nano.a(lib_a-reent.o)
                0x00000000200008b0                errno
                0x00000000200008b4                . = ALIGN (0x4)
                0x00000000200008b4                _ebss = .
                0x00000000200008b4                __bss_end__ = _ebss

._user_heap_stack
                0x00000000200008b4      0x604 load address 0x0000000008004784
                0x00000000200008b8                . = ALIGN (0x8)
 *fill*         0x00000000200008b4        0x4 
                0x00000000200008b8                PROVIDE (end = .)
                [!provide]                        PROVIDE (_end = .)
                0x0000000020000ab8                . = (. + _Min_Heap_Size)
 *fill*         0x00000000200008b8      0x200 
                0x0000000020000eb8                . = (. + _Min_Stack_Size)
 *fill*         0x0000000020000ab8      0x400 
                0x0000000020000eb8                . = ALIGN (0x8)

/DISCARD/
 libc.a(*)
 libm.a(*)
 libgcc.a(*)

.ARM.attributes
                0x0000000000000000       0x30
 *(.ARM.attributes)
 .ARM.attributes
                0x0000000000000000       0x22 /Applications/Ac6/SystemWorkbench.app/Contents/Eclipse/plugins/fr.ac6.mcu.externaltools.arm-none.macos64_1.17.0.201812190825/tools/compiler/bin/../lib/gcc/arm-none-eabi/7.3.1/thumb/v7e-m/fpv4-sp/hard/crti.o
 .ARM.attributes
                0x0000000000000022       0x34 /Applications/Ac6/SystemWorkbench.app/Contents/Eclipse/plugins/fr.ac6.mcu.externaltools.arm-none.macos64_1.17.0.201812190825/tools/compiler/bin/../lib/gcc/arm-none-eabi/7.3.1/thumb/v7e-m/fpv4-sp/hard/crtbegin.o
 .ARM.attributes
                0x0000000000000056       0x39 Drivers/STM32F4xx_HAL_Driver/Src/stm32f4xx_hal.o
 .ARM.attributes
                0x000000000000008f       0x39 Drivers/STM32F4xx_HAL_Driver/Src/stm32f4xx_hal_cortex.o
 .ARM.attributes
                0x00000000000000c8       0x39 Drivers/STM32F4xx_HAL_Driver/Src/stm32f4xx_hal_gpio.o
 .ARM.attributes
                0x0000000000000101       0x39 Drivers/STM32F4xx_HAL_Driver/Src/stm32f4xx_hal_hcd.o
 .ARM.attributes
                0x000000000000013a       0x39 Drivers/STM32F4xx_HAL_Driver/Src/stm32f4xx_hal_i2c.o
 .ARM.attributes
                0x0000000000000173       0x39 Drivers/STM32F4xx_HAL_Driver/Src/stm32f4xx_hal_i2s.o
 .ARM.attributes
                0x00000000000001ac       0x39 Drivers/STM32F4xx_HAL_Driver/Src/stm32f4xx_hal_i2s_ex.o
 .ARM.attributes
                0x00000000000001e5       0x39 Drivers/STM32F4xx_HAL_Driver/Src/stm32f4xx_hal_rcc.o
 .ARM.attributes
                0x000000000000021e       0x39 Drivers/STM32F4xx_HAL_Driver/Src/stm32f4xx_hal_rcc_ex.o
 .ARM.attributes
                0x0000000000000257       0x39 Drivers/STM32F4xx_HAL_Driver/Src/stm32f4xx_hal_spi.o
 .ARM.attributes
                0x0000000000000290       0x39 Drivers/STM32F4xx_HAL_Driver/Src/stm32f4xx_ll_usb.o
 .ARM.attributes
                0x00000000000002c9       0x39 Middlewares/ST/STM32_USB_Host_Library/Class/CDC/Src/usbh_cdc.o
 .ARM.attributes
                0x0000000000000302       0x39 Middlewares/ST/STM32_USB_Host_Library/Core/Src/usbh_core.o
 .ARM.attributes
                0x000000000000033b       0x39 Middlewares/ST/STM32_USB_Host_Library/Core/Src/usbh_ctlreq.o
 .ARM.attributes
                0x0000000000000374       0x39 Middlewares/ST/STM32_USB_Host_Library/Core/Src/usbh_ioreq.o
 .ARM.attributes
                0x00000000000003ad       0x39 Middlewares/ST/STM32_USB_Host_Library/Core/Src/usbh_pipes.o
 .ARM.attributes
                0x00000000000003e6       0x39 Src/main.o
 .ARM.attributes
                0x000000000000041f       0x39 Src/stm32f4xx_hal_msp.o
 .ARM.attributes
                0x0000000000000458       0x39 Src/stm32f4xx_it.o
 .ARM.attributes
                0x0000000000000491       0x39 Src/syscalls.o
 .ARM.attributes
                0x00000000000004ca       0x39 Src/system_stm32f4xx.o
 .ARM.attributes
                0x0000000000000503       0x39 Src/usb_host.o
 .ARM.attributes
                0x000000000000053c       0x39 Src/usbh_conf.o
 .ARM.attributes
                0x0000000000000575       0x39 Src/usbh_platform.o
 .ARM.attributes
                0x00000000000005ae       0x21 startup/startup_stm32f411xe.o
 .ARM.attributes
                0x00000000000005cf       0x22 /Applications/Ac6/SystemWorkbench.app/Contents/Eclipse/plugins/fr.ac6.mcu.externaltools.arm-none.macos64_1.17.0.201812190825/tools/compiler/bin/../lib/gcc/arm-none-eabi/7.3.1/thumb/v7e-m/fpv4-sp/hard/libgcc.a(_aeabi_uldivmod.o)
 .ARM.attributes
                0x00000000000005f1       0x34 /Applications/Ac6/SystemWorkbench.app/Contents/Eclipse/plugins/fr.ac6.mcu.externaltools.arm-none.macos64_1.17.0.201812190825/tools/compiler/bin/../lib/gcc/arm-none-eabi/7.3.1/thumb/v7e-m/fpv4-sp/hard/libgcc.a(_udivmoddi4.o)
 .ARM.attributes
                0x0000000000000625       0x22 /Applications/Ac6/SystemWorkbench.app/Contents/Eclipse/plugins/fr.ac6.mcu.externaltools.arm-none.macos64_1.17.0.201812190825/tools/compiler/bin/../lib/gcc/arm-none-eabi/7.3.1/thumb/v7e-m/fpv4-sp/hard/libgcc.a(_dvmd_tls.o)
 .ARM.attributes
                0x0000000000000647       0x34 /Applications/Ac6/SystemWorkbench.app/Contents/Eclipse/plugins/fr.ac6.mcu.externaltools.arm-none.macos64_1.17.0.201812190825/tools/compiler/bin/../lib/gcc/arm-none-eabi/7.3.1/../../../../arm-none-eabi/lib/thumb/v7e-m/fpv4-sp/hard/libc_nano.a(lib_a-errno.o)
 .ARM.attributes
                0x000000000000067b       0x34 /Applications/Ac6/SystemWorkbench.app/Contents/Eclipse/plugins/fr.ac6.mcu.externaltools.arm-none.macos64_1.17.0.201812190825/tools/compiler/bin/../lib/gcc/arm-none-eabi/7.3.1/../../../../arm-none-eabi/lib/thumb/v7e-m/fpv4-sp/hard/libc_nano.a(lib_a-impure.o)
 .ARM.attributes
                0x00000000000006af       0x34 /Applications/Ac6/SystemWorkbench.app/Contents/Eclipse/plugins/fr.ac6.mcu.externaltools.arm-none.macos64_1.17.0.201812190825/tools/compiler/bin/../lib/gcc/arm-none-eabi/7.3.1/../../../../arm-none-eabi/lib/thumb/v7e-m/fpv4-sp/hard/libc_nano.a(lib_a-init.o)
 .ARM.attributes
                0x00000000000006e3       0x34 /Applications/Ac6/SystemWorkbench.app/Contents/Eclipse/plugins/fr.ac6.mcu.externaltools.arm-none.macos64_1.17.0.201812190825/tools/compiler/bin/../lib/gcc/arm-none-eabi/7.3.1/../../../../arm-none-eabi/lib/thumb/v7e-m/fpv4-sp/hard/libc_nano.a(lib_a-malloc.o)
 .ARM.attributes
                0x0000000000000717       0x34 /Applications/Ac6/SystemWorkbench.app/Contents/Eclipse/plugins/fr.ac6.mcu.externaltools.arm-none.macos64_1.17.0.201812190825/tools/compiler/bin/../lib/gcc/arm-none-eabi/7.3.1/../../../../arm-none-eabi/lib/thumb/v7e-m/fpv4-sp/hard/libc_nano.a(lib_a-memset.o)
 .ARM.attributes
                0x000000000000074b       0x34 /Applications/Ac6/SystemWorkbench.app/Contents/Eclipse/plugins/fr.ac6.mcu.externaltools.arm-none.macos64_1.17.0.201812190825/tools/compiler/bin/../lib/gcc/arm-none-eabi/7.3.1/../../../../arm-none-eabi/lib/thumb/v7e-m/fpv4-sp/hard/libc_nano.a(lib_a-nano-freer.o)
 .ARM.attributes
                0x000000000000077f       0x34 /Applications/Ac6/SystemWorkbench.app/Contents/Eclipse/plugins/fr.ac6.mcu.externaltools.arm-none.macos64_1.17.0.201812190825/tools/compiler/bin/../lib/gcc/arm-none-eabi/7.3.1/../../../../arm-none-eabi/lib/thumb/v7e-m/fpv4-sp/hard/libc_nano.a(lib_a-nano-mallocr.o)
 .ARM.attributes
                0x00000000000007b3       0x34 /Applications/Ac6/SystemWorkbench.app/Contents/Eclipse/plugins/fr.ac6.mcu.externaltools.arm-none.macos64_1.17.0.201812190825/tools/compiler/bin/../lib/gcc/arm-none-eabi/7.3.1/../../../../arm-none-eabi/lib/thumb/v7e-m/fpv4-sp/hard/libc_nano.a(lib_a-sbrkr.o)
 .ARM.attributes
                0x00000000000007e7       0x34 /Applications/Ac6/SystemWorkbench.app/Contents/Eclipse/plugins/fr.ac6.mcu.externaltools.arm-none.macos64_1.17.0.201812190825/tools/compiler/bin/../lib/gcc/arm-none-eabi/7.3.1/../../../../arm-none-eabi/lib/thumb/v7e-m/fpv4-sp/hard/libc_nano.a(lib_a-mlock.o)
 .ARM.attributes
                0x000000000000081b       0x34 /Applications/Ac6/SystemWorkbench.app/Contents/Eclipse/plugins/fr.ac6.mcu.externaltools.arm-none.macos64_1.17.0.201812190825/tools/compiler/bin/../lib/gcc/arm-none-eabi/7.3.1/../../../../arm-none-eabi/lib/thumb/v7e-m/fpv4-sp/hard/libc_nano.a(lib_a-reent.o)
 .ARM.attributes
                0x000000000000084f       0x22 /Applications/Ac6/SystemWorkbench.app/Contents/Eclipse/plugins/fr.ac6.mcu.externaltools.arm-none.macos64_1.17.0.201812190825/tools/compiler/bin/../lib/gcc/arm-none-eabi/7.3.1/thumb/v7e-m/fpv4-sp/hard/crtn.o
OUTPUT(lights.elf elf32-littlearm)

.debug_info     0x0000000000000000    0x1c414
 .debug_info    0x0000000000000000      0x960 Drivers/STM32F4xx_HAL_Driver/Src/stm32f4xx_hal.o
 .debug_info    0x0000000000000960      0xeaa Drivers/STM32F4xx_HAL_Driver/Src/stm32f4xx_hal_cortex.o
 .debug_info    0x000000000000180a      0x798 Drivers/STM32F4xx_HAL_Driver/Src/stm32f4xx_hal_gpio.o
 .debug_info    0x0000000000001fa2     0x1276 Drivers/STM32F4xx_HAL_Driver/Src/stm32f4xx_hal_hcd.o
 .debug_info    0x0000000000003218     0x3282 Drivers/STM32F4xx_HAL_Driver/Src/stm32f4xx_hal_i2c.o
 .debug_info    0x000000000000649a      0xf85 Drivers/STM32F4xx_HAL_Driver/Src/stm32f4xx_hal_i2s.o
 .debug_info    0x000000000000741f      0xd91 Drivers/STM32F4xx_HAL_Driver/Src/stm32f4xx_hal_i2s_ex.o
 .debug_info    0x00000000000081b0      0xa63 Drivers/STM32F4xx_HAL_Driver/Src/stm32f4xx_hal_rcc.o
 .debug_info    0x0000000000008c13      0x6d2 Drivers/STM32F4xx_HAL_Driver/Src/stm32f4xx_hal_rcc_ex.o
 .debug_info    0x00000000000092e5     0x1ba1 Drivers/STM32F4xx_HAL_Driver/Src/stm32f4xx_hal_spi.o
 .debug_info    0x000000000000ae86     0x1b1d Drivers/STM32F4xx_HAL_Driver/Src/stm32f4xx_ll_usb.o
 .debug_info    0x000000000000c9a3     0x1e41 Middlewares/ST/STM32_USB_Host_Library/Class/CDC/Src/usbh_cdc.o
 .debug_info    0x000000000000e7e4     0x1b6e Middlewares/ST/STM32_USB_Host_Library/Core/Src/usbh_core.o
 .debug_info    0x0000000000010352     0x1a33 Middlewares/ST/STM32_USB_Host_Library/Core/Src/usbh_ctlreq.o
 .debug_info    0x0000000000011d85     0x1661 Middlewares/ST/STM32_USB_Host_Library/Core/Src/usbh_ioreq.o
 .debug_info    0x00000000000133e6     0x1309 Middlewares/ST/STM32_USB_Host_Library/Core/Src/usbh_pipes.o
 .debug_info    0x00000000000146ef     0x16eb Src/main.o
 .debug_info    0x0000000000015dda     0x10cd Src/stm32f4xx_hal_msp.o
 .debug_info    0x0000000000016ea7      0x6c4 Src/stm32f4xx_it.o
 .debug_info    0x000000000001756b      0xfd3 Src/syscalls.o
 .debug_info    0x000000000001853e      0x531 Src/system_stm32f4xx.o
 .debug_info    0x0000000000018a6f     0x12ab Src/usb_host.o
 .debug_info    0x0000000000019d1a     0x2487 Src/usbh_conf.o
 .debug_info    0x000000000001c1a1      0x251 Src/usbh_platform.o
 .debug_info    0x000000000001c3f2       0x22 startup/startup_stm32f411xe.o

.debug_abbrev   0x0000000000000000     0x3aac
 .debug_abbrev  0x0000000000000000      0x21c Drivers/STM32F4xx_HAL_Driver/Src/stm32f4xx_hal.o
 .debug_abbrev  0x000000000000021c      0x328 Drivers/STM32F4xx_HAL_Driver/Src/stm32f4xx_hal_cortex.o
 .debug_abbrev  0x0000000000000544      0x1e7 Drivers/STM32F4xx_HAL_Driver/Src/stm32f4xx_hal_gpio.o
 .debug_abbrev  0x000000000000072b      0x27f Drivers/STM32F4xx_HAL_Driver/Src/stm32f4xx_hal_hcd.o
 .debug_abbrev  0x00000000000009aa      0x293 Drivers/STM32F4xx_HAL_Driver/Src/stm32f4xx_hal_i2c.o
 .debug_abbrev  0x0000000000000c3d      0x249 Drivers/STM32F4xx_HAL_Driver/Src/stm32f4xx_hal_i2s.o
 .debug_abbrev  0x0000000000000e86      0x290 Drivers/STM32F4xx_HAL_Driver/Src/stm32f4xx_hal_i2s_ex.o
 .debug_abbrev  0x0000000000001116      0x273 Drivers/STM32F4xx_HAL_Driver/Src/stm32f4xx_hal_rcc.o
 .debug_abbrev  0x0000000000001389      0x190 Drivers/STM32F4xx_HAL_Driver/Src/stm32f4xx_hal_rcc_ex.o
 .debug_abbrev  0x0000000000001519      0x249 Drivers/STM32F4xx_HAL_Driver/Src/stm32f4xx_hal_spi.o
 .debug_abbrev  0x0000000000001762      0x2a8 Drivers/STM32F4xx_HAL_Driver/Src/stm32f4xx_ll_usb.o
 .debug_abbrev  0x0000000000001a0a      0x346 Middlewares/ST/STM32_USB_Host_Library/Class/CDC/Src/usbh_cdc.o
 .debug_abbrev  0x0000000000001d50      0x371 Middlewares/ST/STM32_USB_Host_Library/Core/Src/usbh_core.o
 .debug_abbrev  0x00000000000020c1      0x35d Middlewares/ST/STM32_USB_Host_Library/Core/Src/usbh_ctlreq.o
 .debug_abbrev  0x000000000000241e      0x281 Middlewares/ST/STM32_USB_Host_Library/Core/Src/usbh_ioreq.o
 .debug_abbrev  0x000000000000269f      0x2bb Middlewares/ST/STM32_USB_Host_Library/Core/Src/usbh_pipes.o
 .debug_abbrev  0x000000000000295a      0x274 Src/main.o
 .debug_abbrev  0x0000000000002bce      0x1e1 Src/stm32f4xx_hal_msp.o
 .debug_abbrev  0x0000000000002daf      0x199 Src/stm32f4xx_it.o
 .debug_abbrev  0x0000000000002f48      0x2d4 Src/syscalls.o
 .debug_abbrev  0x000000000000321c      0x111 Src/system_stm32f4xx.o
 .debug_abbrev  0x000000000000332d      0x2b5 Src/usb_host.o
 .debug_abbrev  0x00000000000035e2      0x38a Src/usbh_conf.o
 .debug_abbrev  0x000000000000396c      0x12e Src/usbh_platform.o
 .debug_abbrev  0x0000000000003a9a       0x12 startup/startup_stm32f411xe.o

.debug_loc      0x0000000000000000     0xd16c
 .debug_loc     0x0000000000000000       0xfd Drivers/STM32F4xx_HAL_Driver/Src/stm32f4xx_hal.o
 .debug_loc     0x00000000000000fd      0x5ce Drivers/STM32F4xx_HAL_Driver/Src/stm32f4xx_hal_cortex.o
 .debug_loc     0x00000000000006cb      0x497 Drivers/STM32F4xx_HAL_Driver/Src/stm32f4xx_hal_gpio.o
 .debug_loc     0x0000000000000b62      0xba8 Drivers/STM32F4xx_HAL_Driver/Src/stm32f4xx_hal_hcd.o
 .debug_loc     0x000000000000170a     0x3673 Drivers/STM32F4xx_HAL_Driver/Src/stm32f4xx_hal_i2c.o
 .debug_loc     0x0000000000004d7d      0xc17 Drivers/STM32F4xx_HAL_Driver/Src/stm32f4xx_hal_i2s.o
 .debug_loc     0x0000000000005994      0xa81 Drivers/STM32F4xx_HAL_Driver/Src/stm32f4xx_hal_i2s_ex.o
 .debug_loc     0x0000000000006415      0x3f1 Drivers/STM32F4xx_HAL_Driver/Src/stm32f4xx_hal_rcc.o
 .debug_loc     0x0000000000006806      0x2c7 Drivers/STM32F4xx_HAL_Driver/Src/stm32f4xx_hal_rcc_ex.o
 .debug_loc     0x0000000000006acd     0x19fe Drivers/STM32F4xx_HAL_Driver/Src/stm32f4xx_hal_spi.o
 .debug_loc     0x00000000000084cb     0x1e4e Drivers/STM32F4xx_HAL_Driver/Src/stm32f4xx_ll_usb.o
 .debug_loc     0x000000000000a319      0x642 Middlewares/ST/STM32_USB_Host_Library/Class/CDC/Src/usbh_cdc.o
 .debug_loc     0x000000000000a95b      0x66c Middlewares/ST/STM32_USB_Host_Library/Core/Src/usbh_core.o
 .debug_loc     0x000000000000afc7      0xbf1 Middlewares/ST/STM32_USB_Host_Library/Core/Src/usbh_ctlreq.o
 .debug_loc     0x000000000000bbb8      0x50f Middlewares/ST/STM32_USB_Host_Library/Core/Src/usbh_ioreq.o
 .debug_loc     0x000000000000c0c7      0x1be Middlewares/ST/STM32_USB_Host_Library/Core/Src/usbh_pipes.o
 .debug_loc     0x000000000000c285      0x18e Src/stm32f4xx_hal_msp.o
 .debug_loc     0x000000000000c413      0x3af Src/syscalls.o
 .debug_loc     0x000000000000c7c2      0x13e Src/system_stm32f4xx.o
 .debug_loc     0x000000000000c900      0x817 Src/usbh_conf.o
 .debug_loc     0x000000000000d117       0x55 Src/usbh_platform.o

.debug_aranges  0x0000000000000000     0x1130
 .debug_aranges
                0x0000000000000000       0xf0 Drivers/STM32F4xx_HAL_Driver/Src/stm32f4xx_hal.o
 .debug_aranges
                0x00000000000000f0       0xa8 Drivers/STM32F4xx_HAL_Driver/Src/stm32f4xx_hal_cortex.o
 .debug_aranges
                0x0000000000000198       0x58 Drivers/STM32F4xx_HAL_Driver/Src/stm32f4xx_hal_gpio.o
 .debug_aranges
                0x00000000000001f0       0xf0 Drivers/STM32F4xx_HAL_Driver/Src/stm32f4xx_hal_hcd.o
 .debug_aranges
                0x00000000000002e0      0x290 Drivers/STM32F4xx_HAL_Driver/Src/stm32f4xx_hal_i2c.o
 .debug_aranges
                0x0000000000000570      0x108 Drivers/STM32F4xx_HAL_Driver/Src/stm32f4xx_hal_i2s.o
 .debug_aranges
                0x0000000000000678       0x88 Drivers/STM32F4xx_HAL_Driver/Src/stm32f4xx_hal_i2s_ex.o
 .debug_aranges
                0x0000000000000700       0x88 Drivers/STM32F4xx_HAL_Driver/Src/stm32f4xx_hal_rcc.o
 .debug_aranges
                0x0000000000000788       0x50 Drivers/STM32F4xx_HAL_Driver/Src/stm32f4xx_hal_rcc_ex.o
 .debug_aranges
                0x00000000000007d8      0x1d0 Drivers/STM32F4xx_HAL_Driver/Src/stm32f4xx_hal_spi.o
 .debug_aranges
                0x00000000000009a8      0x198 Drivers/STM32F4xx_HAL_Driver/Src/stm32f4xx_ll_usb.o
 .debug_aranges
                0x0000000000000b40       0xa8 Middlewares/ST/STM32_USB_Host_Library/Class/CDC/Src/usbh_cdc.o
 .debug_aranges
                0x0000000000000be8       0xc0 Middlewares/ST/STM32_USB_Host_Library/Core/Src/usbh_core.o
 .debug_aranges
                0x0000000000000ca8       0xa0 Middlewares/ST/STM32_USB_Host_Library/Core/Src/usbh_ctlreq.o
 .debug_aranges
                0x0000000000000d48       0x60 Middlewares/ST/STM32_USB_Host_Library/Core/Src/usbh_ioreq.o
 .debug_aranges
                0x0000000000000da8       0x40 Middlewares/ST/STM32_USB_Host_Library/Core/Src/usbh_pipes.o
 .debug_aranges
                0x0000000000000de8       0x60 Src/main.o
 .debug_aranges
                0x0000000000000e48       0x50 Src/stm32f4xx_hal_msp.o
 .debug_aranges
                0x0000000000000e98       0x70 Src/stm32f4xx_it.o
 .debug_aranges
                0x0000000000000f08       0xb0 Src/syscalls.o
 .debug_aranges
                0x0000000000000fb8       0x28 Src/system_stm32f4xx.o
 .debug_aranges
                0x0000000000000fe0       0x30 Src/usb_host.o
 .debug_aranges
                0x0000000000001010       0xd8 Src/usbh_conf.o
 .debug_aranges
                0x00000000000010e8       0x20 Src/usbh_platform.o
 .debug_aranges
                0x0000000000001108       0x28 startup/startup_stm32f411xe.o

.debug_ranges   0x0000000000000000     0x1050
 .debug_ranges  0x0000000000000000       0xe0 Drivers/STM32F4xx_HAL_Driver/Src/stm32f4xx_hal.o
 .debug_ranges  0x00000000000000e0       0xf8 Drivers/STM32F4xx_HAL_Driver/Src/stm32f4xx_hal_cortex.o
 .debug_ranges  0x00000000000001d8       0x48 Drivers/STM32F4xx_HAL_Driver/Src/stm32f4xx_hal_gpio.o
 .debug_ranges  0x0000000000000220       0xe0 Drivers/STM32F4xx_HAL_Driver/Src/stm32f4xx_hal_hcd.o
 .debug_ranges  0x0000000000000300      0x298 Drivers/STM32F4xx_HAL_Driver/Src/stm32f4xx_hal_i2c.o
 .debug_ranges  0x0000000000000598       0xf8 Drivers/STM32F4xx_HAL_Driver/Src/stm32f4xx_hal_i2s.o
 .debug_ranges  0x0000000000000690       0x90 Drivers/STM32F4xx_HAL_Driver/Src/stm32f4xx_hal_i2s_ex.o
 .debug_ranges  0x0000000000000720       0x90 Drivers/STM32F4xx_HAL_Driver/Src/stm32f4xx_hal_rcc.o
 .debug_ranges  0x00000000000007b0       0x40 Drivers/STM32F4xx_HAL_Driver/Src/stm32f4xx_hal_rcc_ex.o
 .debug_ranges  0x00000000000007f0      0x1c0 Drivers/STM32F4xx_HAL_Driver/Src/stm32f4xx_hal_spi.o
 .debug_ranges  0x00000000000009b0      0x188 Drivers/STM32F4xx_HAL_Driver/Src/stm32f4xx_ll_usb.o
 .debug_ranges  0x0000000000000b38       0x98 Middlewares/ST/STM32_USB_Host_Library/Class/CDC/Src/usbh_cdc.o
 .debug_ranges  0x0000000000000bd0       0xb0 Middlewares/ST/STM32_USB_Host_Library/Core/Src/usbh_core.o
 .debug_ranges  0x0000000000000c80       0x90 Middlewares/ST/STM32_USB_Host_Library/Core/Src/usbh_ctlreq.o
 .debug_ranges  0x0000000000000d10       0x50 Middlewares/ST/STM32_USB_Host_Library/Core/Src/usbh_ioreq.o
 .debug_ranges  0x0000000000000d60       0x30 Middlewares/ST/STM32_USB_Host_Library/Core/Src/usbh_pipes.o
 .debug_ranges  0x0000000000000d90       0x50 Src/main.o
 .debug_ranges  0x0000000000000de0       0x40 Src/stm32f4xx_hal_msp.o
 .debug_ranges  0x0000000000000e20       0x60 Src/stm32f4xx_it.o
 .debug_ranges  0x0000000000000e80       0xa0 Src/syscalls.o
 .debug_ranges  0x0000000000000f20       0x18 Src/system_stm32f4xx.o
 .debug_ranges  0x0000000000000f38       0x20 Src/usb_host.o
 .debug_ranges  0x0000000000000f58       0xc8 Src/usbh_conf.o
 .debug_ranges  0x0000000000001020       0x10 Src/usbh_platform.o
 .debug_ranges  0x0000000000001030       0x20 startup/startup_stm32f411xe.o

.debug_macro    0x0000000000000000    0x19d37
 .debug_macro   0x0000000000000000      0x265 Drivers/STM32F4xx_HAL_Driver/Src/stm32f4xx_hal.o
 .debug_macro   0x0000000000000265      0xa60 Drivers/STM32F4xx_HAL_Driver/Src/stm32f4xx_hal.o
 .debug_macro   0x0000000000000cc5      0x196 Drivers/STM32F4xx_HAL_Driver/Src/stm32f4xx_hal.o
 .debug_macro   0x0000000000000e5b       0x32 Drivers/STM32F4xx_HAL_Driver/Src/stm32f4xx_hal.o
 .debug_macro   0x0000000000000e8d       0x28 Drivers/STM32F4xx_HAL_Driver/Src/stm32f4xx_hal.o
 .debug_macro   0x0000000000000eb5       0x22 Drivers/STM32F4xx_HAL_Driver/Src/stm32f4xx_hal.o
 .debug_macro   0x0000000000000ed7       0x8e Drivers/STM32F4xx_HAL_Driver/Src/stm32f4xx_hal.o
 .debug_macro   0x0000000000000f65       0x51 Drivers/STM32F4xx_HAL_Driver/Src/stm32f4xx_hal.o
 .debug_macro   0x0000000000000fb6       0xef Drivers/STM32F4xx_HAL_Driver/Src/stm32f4xx_hal.o
 .debug_macro   0x00000000000010a5       0x6a Drivers/STM32F4xx_HAL_Driver/Src/stm32f4xx_hal.o
 .debug_macro   0x000000000000110f      0x1df Drivers/STM32F4xx_HAL_Driver/Src/stm32f4xx_hal.o
 .debug_macro   0x00000000000012ee       0x1c Drivers/STM32F4xx_HAL_Driver/Src/stm32f4xx_hal.o
 .debug_macro   0x000000000000130a       0x22 Drivers/STM32F4xx_HAL_Driver/Src/stm32f4xx_hal.o
 .debug_macro   0x000000000000132c       0xdf Drivers/STM32F4xx_HAL_Driver/Src/stm32f4xx_hal.o
 .debug_macro   0x000000000000140b     0x102d Drivers/STM32F4xx_HAL_Driver/Src/stm32f4xx_hal.o
 .debug_macro   0x0000000000002438      0x11f Drivers/STM32F4xx_HAL_Driver/Src/stm32f4xx_hal.o
 .debug_macro   0x0000000000002557     0xb93e Drivers/STM32F4xx_HAL_Driver/Src/stm32f4xx_hal.o
 .debug_macro   0x000000000000de95       0x43 Drivers/STM32F4xx_HAL_Driver/Src/stm32f4xx_hal.o
 .debug_macro   0x000000000000ded8     0x35d4 Drivers/STM32F4xx_HAL_Driver/Src/stm32f4xx_hal.o
 .debug_macro   0x00000000000114ac      0x174 Drivers/STM32F4xx_HAL_Driver/Src/stm32f4xx_hal.o
 .debug_macro   0x0000000000011620       0x4e Drivers/STM32F4xx_HAL_Driver/Src/stm32f4xx_hal.o
 .debug_macro   0x000000000001166e      0x447 Drivers/STM32F4xx_HAL_Driver/Src/stm32f4xx_hal.o
 .debug_macro   0x0000000000011ab5      0x9fe Drivers/STM32F4xx_HAL_Driver/Src/stm32f4xx_hal.o
 .debug_macro   0x00000000000124b3       0xed Drivers/STM32F4xx_HAL_Driver/Src/stm32f4xx_hal.o
 .debug_macro   0x00000000000125a0      0x117 Drivers/STM32F4xx_HAL_Driver/Src/stm32f4xx_hal.o
 .debug_macro   0x00000000000126b7      0x11b Drivers/STM32F4xx_HAL_Driver/Src/stm32f4xx_hal.o
 .debug_macro   0x00000000000127d2       0x27 Drivers/STM32F4xx_HAL_Driver/Src/stm32f4xx_hal.o
 .debug_macro   0x00000000000127f9      0x287 Drivers/STM32F4xx_HAL_Driver/Src/stm32f4xx_hal.o
 .debug_macro   0x0000000000012a80       0x5f Drivers/STM32F4xx_HAL_Driver/Src/stm32f4xx_hal.o
 .debug_macro   0x0000000000012adf      0x236 Drivers/STM32F4xx_HAL_Driver/Src/stm32f4xx_hal.o
 .debug_macro   0x0000000000012d15      0x132 Drivers/STM32F4xx_HAL_Driver/Src/stm32f4xx_hal.o
 .debug_macro   0x0000000000012e47      0x264 Drivers/STM32F4xx_HAL_Driver/Src/stm32f4xx_hal.o
 .debug_macro   0x00000000000130ab       0x2e Drivers/STM32F4xx_HAL_Driver/Src/stm32f4xx_hal.o
 .debug_macro   0x00000000000130d9      0x1ae Drivers/STM32F4xx_HAL_Driver/Src/stm32f4xx_hal.o
 .debug_macro   0x0000000000013287       0x22 Drivers/STM32F4xx_HAL_Driver/Src/stm32f4xx_hal.o
 .debug_macro   0x00000000000132a9       0xd6 Drivers/STM32F4xx_HAL_Driver/Src/stm32f4xx_hal.o
 .debug_macro   0x000000000001337f      0x199 Drivers/STM32F4xx_HAL_Driver/Src/stm32f4xx_hal.o
 .debug_macro   0x0000000000013518       0x40 Drivers/STM32F4xx_HAL_Driver/Src/stm32f4xx_hal.o
 .debug_macro   0x0000000000013558       0x4a Drivers/STM32F4xx_HAL_Driver/Src/stm32f4xx_hal.o
 .debug_macro   0x00000000000135a2      0x11a Drivers/STM32F4xx_HAL_Driver/Src/stm32f4xx_hal.o
 .debug_macro   0x00000000000136bc       0x85 Drivers/STM32F4xx_HAL_Driver/Src/stm32f4xx_hal.o
 .debug_macro   0x0000000000013741       0x89 Drivers/STM32F4xx_HAL_Driver/Src/stm32f4xx_hal.o
 .debug_macro   0x00000000000137ca      0x225 Drivers/STM32F4xx_HAL_Driver/Src/stm32f4xx_hal.o
 .debug_macro   0x00000000000139ef      0x225 Drivers/STM32F4xx_HAL_Driver/Src/stm32f4xx_hal.o
 .debug_macro   0x0000000000013c14       0x68 Drivers/STM32F4xx_HAL_Driver/Src/stm32f4xx_hal.o
 .debug_macro   0x0000000000013c7c      0x126 Drivers/STM32F4xx_HAL_Driver/Src/stm32f4xx_hal.o
 .debug_macro   0x0000000000013da2      0x205 Drivers/STM32F4xx_HAL_Driver/Src/stm32f4xx_hal_cortex.o
 .debug_macro   0x0000000000013fa7      0x23b Drivers/STM32F4xx_HAL_Driver/Src/stm32f4xx_hal_gpio.o
 .debug_macro   0x00000000000141e2      0x205 Drivers/STM32F4xx_HAL_Driver/Src/stm32f4xx_hal_hcd.o
 .debug_macro   0x00000000000143e7      0x245 Drivers/STM32F4xx_HAL_Driver/Src/stm32f4xx_hal_i2c.o
 .debug_macro   0x000000000001462c      0x206 Drivers/STM32F4xx_HAL_Driver/Src/stm32f4xx_hal_i2s.o
 .debug_macro   0x0000000000014832      0x205 Drivers/STM32F4xx_HAL_Driver/Src/stm32f4xx_hal_i2s_ex.o
 .debug_macro   0x0000000000014a37      0x229 Drivers/STM32F4xx_HAL_Driver/Src/stm32f4xx_hal_rcc.o
 .debug_macro   0x0000000000014c60      0x205 Drivers/STM32F4xx_HAL_Driver/Src/stm32f4xx_hal_rcc_ex.o
 .debug_macro   0x0000000000014e65      0x214 Drivers/STM32F4xx_HAL_Driver/Src/stm32f4xx_hal_spi.o
 .debug_macro   0x0000000000015079      0x205 Drivers/STM32F4xx_HAL_Driver/Src/stm32f4xx_ll_usb.o
 .debug_macro   0x000000000001527e      0x425 Middlewares/ST/STM32_USB_Host_Library/Class/CDC/Src/usbh_cdc.o
 .debug_macro   0x00000000000156a3       0x58 Middlewares/ST/STM32_USB_Host_Library/Class/CDC/Src/usbh_cdc.o
 .debug_macro   0x00000000000156fb       0x18 Middlewares/ST/STM32_USB_Host_Library/Class/CDC/Src/usbh_cdc.o
 .debug_macro   0x0000000000015713       0x94 Middlewares/ST/STM32_USB_Host_Library/Class/CDC/Src/usbh_cdc.o
 .debug_macro   0x00000000000157a7       0x35 Middlewares/ST/STM32_USB_Host_Library/Class/CDC/Src/usbh_cdc.o
 .debug_macro   0x00000000000157dc       0x34 Middlewares/ST/STM32_USB_Host_Library/Class/CDC/Src/usbh_cdc.o
 .debug_macro   0x0000000000015810       0x16 Middlewares/ST/STM32_USB_Host_Library/Class/CDC/Src/usbh_cdc.o
 .debug_macro   0x0000000000015826       0x57 Middlewares/ST/STM32_USB_Host_Library/Class/CDC/Src/usbh_cdc.o
 .debug_macro   0x000000000001587d       0x97 Middlewares/ST/STM32_USB_Host_Library/Class/CDC/Src/usbh_cdc.o
 .debug_macro   0x0000000000015914      0x330 Middlewares/ST/STM32_USB_Host_Library/Class/CDC/Src/usbh_cdc.o
 .debug_macro   0x0000000000015c44       0xfd Middlewares/ST/STM32_USB_Host_Library/Class/CDC/Src/usbh_cdc.o
 .debug_macro   0x0000000000015d41       0x10 Middlewares/ST/STM32_USB_Host_Library/Class/CDC/Src/usbh_cdc.o
 .debug_macro   0x0000000000015d51       0x58 Middlewares/ST/STM32_USB_Host_Library/Class/CDC/Src/usbh_cdc.o
 .debug_macro   0x0000000000015da9       0x1f Middlewares/ST/STM32_USB_Host_Library/Class/CDC/Src/usbh_cdc.o
 .debug_macro   0x0000000000015dc8       0x43 Middlewares/ST/STM32_USB_Host_Library/Class/CDC/Src/usbh_cdc.o
 .debug_macro   0x0000000000015e0b       0x20 Middlewares/ST/STM32_USB_Host_Library/Class/CDC/Src/usbh_cdc.o
 .debug_macro   0x0000000000015e2b      0x18e Middlewares/ST/STM32_USB_Host_Library/Class/CDC/Src/usbh_cdc.o
 .debug_macro   0x0000000000015fb9       0x10 Middlewares/ST/STM32_USB_Host_Library/Class/CDC/Src/usbh_cdc.o
 .debug_macro   0x0000000000015fc9       0x1c Middlewares/ST/STM32_USB_Host_Library/Class/CDC/Src/usbh_cdc.o
 .debug_macro   0x0000000000015fe5       0x52 Middlewares/ST/STM32_USB_Host_Library/Class/CDC/Src/usbh_cdc.o
 .debug_macro   0x0000000000016037       0x40 Middlewares/ST/STM32_USB_Host_Library/Class/CDC/Src/usbh_cdc.o
 .debug_macro   0x0000000000016077       0x10 Middlewares/ST/STM32_USB_Host_Library/Class/CDC/Src/usbh_cdc.o
 .debug_macro   0x0000000000016087       0x40 Middlewares/ST/STM32_USB_Host_Library/Class/CDC/Src/usbh_cdc.o
 .debug_macro   0x00000000000160c7       0xd7 Middlewares/ST/STM32_USB_Host_Library/Class/CDC/Src/usbh_cdc.o
 .debug_macro   0x000000000001619e       0x1c Middlewares/ST/STM32_USB_Host_Library/Class/CDC/Src/usbh_cdc.o
 .debug_macro   0x00000000000161ba       0x3d Middlewares/ST/STM32_USB_Host_Library/Class/CDC/Src/usbh_cdc.o
 .debug_macro   0x00000000000161f7       0x16 Middlewares/ST/STM32_USB_Host_Library/Class/CDC/Src/usbh_cdc.o
 .debug_macro   0x000000000001620d      0x16f Middlewares/ST/STM32_USB_Host_Library/Class/CDC/Src/usbh_cdc.o
 .debug_macro   0x000000000001637c       0x16 Middlewares/ST/STM32_USB_Host_Library/Class/CDC/Src/usbh_cdc.o
 .debug_macro   0x0000000000016392       0x35 Middlewares/ST/STM32_USB_Host_Library/Class/CDC/Src/usbh_cdc.o
 .debug_macro   0x00000000000163c7       0x16 Middlewares/ST/STM32_USB_Host_Library/Class/CDC/Src/usbh_cdc.o
 .debug_macro   0x00000000000163dd       0x29 Middlewares/ST/STM32_USB_Host_Library/Class/CDC/Src/usbh_cdc.o
 .debug_macro   0x0000000000016406       0x16 Middlewares/ST/STM32_USB_Host_Library/Class/CDC/Src/usbh_cdc.o
 .debug_macro   0x000000000001641c       0xd9 Middlewares/ST/STM32_USB_Host_Library/Class/CDC/Src/usbh_cdc.o
 .debug_macro   0x00000000000164f5      0x19d Middlewares/ST/STM32_USB_Host_Library/Class/CDC/Src/usbh_cdc.o
 .debug_macro   0x0000000000016692       0x73 Middlewares/ST/STM32_USB_Host_Library/Class/CDC/Src/usbh_cdc.o
 .debug_macro   0x0000000000016705      0x210 Middlewares/ST/STM32_USB_Host_Library/Class/CDC/Src/usbh_cdc.o
 .debug_macro   0x0000000000016915       0x2e Middlewares/ST/STM32_USB_Host_Library/Class/CDC/Src/usbh_cdc.o
 .debug_macro   0x0000000000016943       0x2e Middlewares/ST/STM32_USB_Host_Library/Class/CDC/Src/usbh_cdc.o
 .debug_macro   0x0000000000016971       0x28 Middlewares/ST/STM32_USB_Host_Library/Class/CDC/Src/usbh_cdc.o
 .debug_macro   0x0000000000016999      0x15c Middlewares/ST/STM32_USB_Host_Library/Class/CDC/Src/usbh_cdc.o
 .debug_macro   0x0000000000016af5      0x422 Middlewares/ST/STM32_USB_Host_Library/Core/Src/usbh_core.o
 .debug_macro   0x0000000000016f17      0x41a Middlewares/ST/STM32_USB_Host_Library/Core/Src/usbh_ctlreq.o
 .debug_macro   0x0000000000017331       0x28 Middlewares/ST/STM32_USB_Host_Library/Core/Src/usbh_ctlreq.o
 .debug_macro   0x0000000000017359      0x414 Middlewares/ST/STM32_USB_Host_Library/Core/Src/usbh_ioreq.o
 .debug_macro   0x000000000001776d      0x414 Middlewares/ST/STM32_USB_Host_Library/Core/Src/usbh_pipes.o
 .debug_macro   0x0000000000017b81      0x21e Src/main.o
 .debug_macro   0x0000000000017d9f      0x214 Src/stm32f4xx_hal_msp.o
 .debug_macro   0x0000000000017fb3      0x21e Src/stm32f4xx_it.o
 .debug_macro   0x00000000000181d1      0x243 Src/syscalls.o
 .debug_macro   0x0000000000018414       0x10 Src/syscalls.o
 .debug_macro   0x0000000000018424       0x10 Src/syscalls.o
 .debug_macro   0x0000000000018434       0x10 Src/syscalls.o
 .debug_macro   0x0000000000018444       0x35 Src/syscalls.o
 .debug_macro   0x0000000000018479      0x122 Src/syscalls.o
 .debug_macro   0x000000000001859b       0x10 Src/syscalls.o
 .debug_macro   0x00000000000185ab      0x241 Src/syscalls.o
 .debug_macro   0x00000000000187ec       0x1c Src/syscalls.o
 .debug_macro   0x0000000000018808       0x10 Src/syscalls.o
 .debug_macro   0x0000000000018818      0x189 Src/syscalls.o
 .debug_macro   0x00000000000189a1       0x16 Src/syscalls.o
 .debug_macro   0x00000000000189b7       0x88 Src/syscalls.o
 .debug_macro   0x0000000000018a3f      0x20b Src/system_stm32f4xx.o
 .debug_macro   0x0000000000018c4a      0x423 Src/usb_host.o
 .debug_macro   0x000000000001906d       0x5e Src/usb_host.o
 .debug_macro   0x00000000000190cb      0x32a Src/usb_host.o
 .debug_macro   0x00000000000193f5      0x1a3 Src/usb_host.o
 .debug_macro   0x0000000000019598      0x162 Src/usb_host.o
 .debug_macro   0x00000000000196fa      0x424 Src/usbh_conf.o
 .debug_macro   0x0000000000019b1e      0x219 Src/usbh_platform.o

.debug_line     0x0000000000000000    0x11550
 .debug_line    0x0000000000000000      0x9a7 Drivers/STM32F4xx_HAL_Driver/Src/stm32f4xx_hal.o
 .debug_line    0x00000000000009a7      0x9fd Drivers/STM32F4xx_HAL_Driver/Src/stm32f4xx_hal_cortex.o
 .debug_line    0x00000000000013a4      0x915 Drivers/STM32F4xx_HAL_Driver/Src/stm32f4xx_hal_gpio.o
 .debug_line    0x0000000000001cb9      0xbd2 Drivers/STM32F4xx_HAL_Driver/Src/stm32f4xx_hal_hcd.o
 .debug_line    0x000000000000288b     0x1cd9 Drivers/STM32F4xx_HAL_Driver/Src/stm32f4xx_hal_i2c.o
 .debug_line    0x0000000000004564      0xd58 Drivers/STM32F4xx_HAL_Driver/Src/stm32f4xx_hal_i2s.o
 .debug_line    0x00000000000052bc      0xd83 Drivers/STM32F4xx_HAL_Driver/Src/stm32f4xx_hal_i2s_ex.o
 .debug_line    0x000000000000603f      0xa1f Drivers/STM32F4xx_HAL_Driver/Src/stm32f4xx_hal_rcc.o
 .debug_line    0x0000000000006a5e      0x8dd Drivers/STM32F4xx_HAL_Driver/Src/stm32f4xx_hal_rcc_ex.o
 .debug_line    0x000000000000733b     0x11ec Drivers/STM32F4xx_HAL_Driver/Src/stm32f4xx_hal_spi.o
 .debug_line    0x0000000000008527      0xe78 Drivers/STM32F4xx_HAL_Driver/Src/stm32f4xx_ll_usb.o
 .debug_line    0x000000000000939f      0xca8 Middlewares/ST/STM32_USB_Host_Library/Class/CDC/Src/usbh_cdc.o
 .debug_line    0x000000000000a047      0xcda Middlewares/ST/STM32_USB_Host_Library/Core/Src/usbh_core.o
 .debug_line    0x000000000000ad21      0xcd8 Middlewares/ST/STM32_USB_Host_Library/Core/Src/usbh_ctlreq.o
 .debug_line    0x000000000000b9f9      0xa98 Middlewares/ST/STM32_USB_Host_Library/Core/Src/usbh_ioreq.o
 .debug_line    0x000000000000c491      0xa4e Middlewares/ST/STM32_USB_Host_Library/Core/Src/usbh_pipes.o
 .debug_line    0x000000000000cedf      0x8ed Src/main.o
 .debug_line    0x000000000000d7cc      0x878 Src/stm32f4xx_hal_msp.o
 .debug_line    0x000000000000e044      0x85c Src/stm32f4xx_it.o
 .debug_line    0x000000000000e8a0      0x659 Src/syscalls.o
 .debug_line    0x000000000000eef9      0x7cf Src/system_stm32f4xx.o
 .debug_line    0x000000000000f6c8      0xa76 Src/usb_host.o
 .debug_line    0x000000000001013e      0xbd5 Src/usbh_conf.o
 .debug_line    0x0000000000010d13      0x7be Src/usbh_platform.o
 .debug_line    0x00000000000114d1       0x7f startup/startup_stm32f411xe.o

.debug_str      0x0000000000000000    0x8dd7c
 .debug_str     0x0000000000000000    0x82303 Drivers/STM32F4xx_HAL_Driver/Src/stm32f4xx_hal.o
                                      0x8267c (size before relaxing)
 .debug_str     0x0000000000082303      0x3a1 Drivers/STM32F4xx_HAL_Driver/Src/stm32f4xx_hal_cortex.o
                                      0x823a0 (size before relaxing)
 .debug_str     0x00000000000826a4      0x28c Drivers/STM32F4xx_HAL_Driver/Src/stm32f4xx_hal_gpio.o
                                      0x81e8d (size before relaxing)
 .debug_str     0x0000000000082930      0x87f Drivers/STM32F4xx_HAL_Driver/Src/stm32f4xx_hal_hcd.o
                                      0x823ba (size before relaxing)
 .debug_str     0x00000000000831af      0xf04 Drivers/STM32F4xx_HAL_Driver/Src/stm32f4xx_hal_i2c.o
                                      0x82bc7 (size before relaxing)
 .debug_str     0x00000000000840b3      0x449 Drivers/STM32F4xx_HAL_Driver/Src/stm32f4xx_hal_i2s.o
                                      0x82220 (size before relaxing)
 .debug_str     0x00000000000844fc      0x1f1 Drivers/STM32F4xx_HAL_Driver/Src/stm32f4xx_hal_i2s_ex.o
                                      0x82161 (size before relaxing)
 .debug_str     0x00000000000846ed      0x364 Drivers/STM32F4xx_HAL_Driver/Src/stm32f4xx_hal_rcc.o
                                      0x82057 (size before relaxing)
 .debug_str     0x0000000000084a51      0x18f Drivers/STM32F4xx_HAL_Driver/Src/stm32f4xx_hal_rcc_ex.o
                                      0x81dd2 (size before relaxing)
 .debug_str     0x0000000000084be0      0x688 Drivers/STM32F4xx_HAL_Driver/Src/stm32f4xx_hal_spi.o
                                      0x824e6 (size before relaxing)
 .debug_str     0x0000000000085268      0x502 Drivers/STM32F4xx_HAL_Driver/Src/stm32f4xx_ll_usb.o
                                      0x8251a (size before relaxing)
 .debug_str     0x000000000008576a     0x6aed Middlewares/ST/STM32_USB_Host_Library/Class/CDC/Src/usbh_cdc.o
                                      0x886f6 (size before relaxing)
 .debug_str     0x000000000008c257      0x2fa Middlewares/ST/STM32_USB_Host_Library/Core/Src/usbh_core.o
                                      0x87bf9 (size before relaxing)
 .debug_str     0x000000000008c551      0x1db Middlewares/ST/STM32_USB_Host_Library/Core/Src/usbh_ctlreq.o
                                      0x87b89 (size before relaxing)
 .debug_str     0x000000000008c72c       0xb2 Middlewares/ST/STM32_USB_Host_Library/Core/Src/usbh_ioreq.o
                                      0x879be (size before relaxing)
 .debug_str     0x000000000008c7de       0x80 Middlewares/ST/STM32_USB_Host_Library/Core/Src/usbh_pipes.o
                                      0x87954 (size before relaxing)
 .debug_str     0x000000000008c85e      0x106 Src/main.o
                                      0x83211 (size before relaxing)
 .debug_str     0x000000000008c964       0x1b Src/stm32f4xx_hal_msp.o
                                      0x82b6b (size before relaxing)
 .debug_str     0x000000000008c97f       0xeb Src/stm32f4xx_it.o
                                      0x8264b (size before relaxing)
 .debug_str     0x000000000008ca6a     0x112b Src/syscalls.o
                                       0x85df (size before relaxing)
 .debug_str     0x000000000008db95       0x5a Src/system_stm32f4xx.o
                                      0x81c49 (size before relaxing)
 .debug_str     0x000000000008dbef       0x99 Src/usb_host.o
                                      0x88058 (size before relaxing)
 .debug_str     0x000000000008dc88       0xae Src/usbh_conf.o
                                      0x886e1 (size before relaxing)
 .debug_str     0x000000000008dd36       0x17 Src/usbh_platform.o
                                      0x81b56 (size before relaxing)
 .debug_str     0x000000000008dd4d       0x2f startup/startup_stm32f411xe.o
                                         0x60 (size before relaxing)

.comment        0x0000000000000000       0x7f
 .comment       0x0000000000000000       0x7f Drivers/STM32F4xx_HAL_Driver/Src/stm32f4xx_hal.o
                                         0x80 (size before relaxing)
 .comment       0x000000000000007f       0x80 Drivers/STM32F4xx_HAL_Driver/Src/stm32f4xx_hal_cortex.o
 .comment       0x000000000000007f       0x80 Drivers/STM32F4xx_HAL_Driver/Src/stm32f4xx_hal_gpio.o
 .comment       0x000000000000007f       0x80 Drivers/STM32F4xx_HAL_Driver/Src/stm32f4xx_hal_hcd.o
 .comment       0x000000000000007f       0x80 Drivers/STM32F4xx_HAL_Driver/Src/stm32f4xx_hal_i2c.o
 .comment       0x000000000000007f       0x80 Drivers/STM32F4xx_HAL_Driver/Src/stm32f4xx_hal_i2s.o